
Running 4 tests using 1 worker



(node:16768) Warning: The 'NO_COLOR' env is ignored due to the 'FORCE_COLOR' env being set.
(Use `node.EXE --trace-warnings ...` to show where the warning was created)
[1/4] test\browser\purchasing.browser.test.ts:2107:7 › Supplier and Purchase Draft screens › T06 authoritative item facts and non-blocking entry en light
  1) test\browser\purchasing.browser.test.ts:2107:7 › Supplier and Purchase Draft screens › T06 authoritative item facts and non-blocking entry en light 

    Error: expect(received).toEqual(expected) // deep equality

    - Expected  -  1
    + Received  + 52

    - Array []
    + Array [
    +   Object {
    +     "description": "Ensure elements that have scrollable content are accessible by keyboard in Safari",
    +     "help": "Scrollable region must have keyboard access",
    +     "helpUrl": "https://dequeuniversity.com/rules/axe/4.13/scrollable-region-focusable?application=playwright",
    +     "id": "scrollable-region-focusable",
    +     "impact": "serious",
    +     "nodes": Array [
    +       Object {
    +         "all": Array [],
    +         "any": Array [
    +           Object {
    +             "data": null,
    +             "id": "focusable-content",
    +             "impact": "serious",
    +             "message": "Element should have focusable content",
    +             "relatedNodes": Array [],
    +           },
    +           Object {
    +             "data": null,
    +             "id": "focusable-element",
    +             "impact": "serious",
    +             "message": "Element should be focusable",
    +             "relatedNodes": Array [],
    +           },
    +         ],
    +         "failureSummary": "Fix any of the following:
    +   Element should have focusable content
    +   Element should be focusable",
    +         "html": "<div class=\"purchase-item-body\" aria-busy=\"false\">",
    +         "impact": "serious",
    +         "none": Array [],
    +         "target": Array [
    +           ".purchase-item-body",
    +         ],
    +       },
    +     ],
    +     "tags": Array [
    +       "cat.keyboard",
    +       "wcag2a",
    +       "wcag211",
    +       "wcag213",
    +       "TTv5",
    +       "TT4.a",
    +       "EN-301-549",
    +       "EN-9.2.1.1",
    +       "EN-9.2.1.3",
    +       "RGAAv4",
    +       "RGAA-7.3.2",
    +     ],
    +   },
    + ]

      2372 |           panel.locator('[data-panel-field="average-cost"]'),
      2373 |         ).toContainText(locale === "ar" ? "١٢٫٧٢٧" : "12.727");
    > 2374 |         expect((await new AxeBuilder({ page }).analyze()).violations).toEqual(
           |                                                                       ^
      2375 |           [],
      2376 |         );
      2377 |         await page.screenshot({
        at P:\Projects\PharmaElectrons\apps\desktop\test\browser\purchasing.browser.test.ts:2374:71

    Error Context: ..\..\test-results\desktop-browser\purchasing.browser-Supplie-689a8-non-blocking-entry-en-light\error-context.md

    Error Context: ..\..\test-results\desktop-browser\purchasing.browser-Supplie-689a8-non-blocking-entry-en-light\error-context.md


[2/4] test\browser\purchasing.browser.test.ts:2107:7 › Supplier and Purchase Draft screens › T06 authoritative item facts and non-blocking entry en dark
[3/4] test\browser\purchasing.browser.test.ts:2107:7 › Supplier and Purchase Draft screens › T06 authoritative item facts and non-blocking entry ar light
[4/4] test\browser\purchasing.browser.test.ts:2107:7 › Supplier and Purchase Draft screens › T06 authoritative item facts and non-blocking entry ar dark
  1 failed
    test\browser\purchasing.browser.test.ts:2107:7 › Supplier and Purchase Draft screens › T06 authoritative item facts and non-blocking entry en light 
  3 did not run
undefined
P:\Projects\PharmaElectrons\apps\desktop:
[ERR_PNPM_RECURSIVE_EXEC_FIRST_FAIL] Command failed with exit code 1: playwright test --config playwright.browser.config.ts test/browser/purchasing.browser.test.ts -g "T06 authoritative"
