
Running 1 test using 1 worker



(node:18884) Warning: The 'NO_COLOR' env is ignored due to the 'FORCE_COLOR' env being set.
(Use `node.EXE --trace-warnings ...` to show where the warning was created)
[1/1] test\browser\purchasing.browser.test.ts:235:3 › Supplier and Purchase Draft screens › T06 M2 reference-volume interaction measurements
test\browser\purchasing.browser.test.ts:235:3 › Supplier and Purchase Draft screens › T06 M2 reference-volume interaction measurements
T06 reference interaction en/light sample 1

T06 reference interaction en/light sample 2

T06 reference interaction en/light sample 3

T06 reference interaction en/light sample 4

T06 reference interaction en/light sample 5

T06 reference interaction en/light sample 6

T06 reference interaction en/light sample 7

T06 reference interaction en/light sample 8

T06 reference interaction en/light sample 9

T06 reference interaction en/light sample 10

T06 reference interaction en/light sample 11

T06 reference interaction en/light sample 12

T06 reference interaction en/light sample 13

T06 reference interaction en/light sample 14

T06 reference interaction en/light sample 15

T06 reference interaction en/light sample 16

T06 reference interaction en/light sample 17

T06 reference interaction en/light sample 18

T06 reference interaction en/light sample 19

T06 reference interaction en/light sample 20

T06 reference interaction en/dark sample 1

T06 reference interaction en/dark sample 2

T06 reference interaction en/dark sample 3

T06 reference interaction en/dark sample 4

T06 reference interaction en/dark sample 5

T06 reference interaction en/dark sample 6

T06 reference interaction en/dark sample 7

T06 reference interaction en/dark sample 8

T06 reference interaction en/dark sample 9

T06 reference interaction en/dark sample 10

T06 reference interaction en/dark sample 11

T06 reference interaction en/dark sample 12

T06 reference interaction en/dark sample 13

T06 reference interaction en/dark sample 14

T06 reference interaction en/dark sample 15

T06 reference interaction en/dark sample 16

T06 reference interaction en/dark sample 17

T06 reference interaction en/dark sample 18

T06 reference interaction en/dark sample 19

T06 reference interaction en/dark sample 20

T06 reference interaction ar/light sample 1

T06 reference interaction ar/light sample 2

T06 reference interaction ar/light sample 3

T06 reference interaction ar/light sample 4

T06 reference interaction ar/light sample 5

T06 reference interaction ar/light sample 6

T06 reference interaction ar/light sample 7

T06 reference interaction ar/light sample 8

T06 reference interaction ar/light sample 9

T06 reference interaction ar/light sample 10

T06 reference interaction ar/light sample 11

T06 reference interaction ar/light sample 12

T06 reference interaction ar/light sample 13

T06 reference interaction ar/light sample 14

T06 reference interaction ar/light sample 15

T06 reference interaction ar/light sample 16

T06 reference interaction ar/light sample 17

T06 reference interaction ar/light sample 18

T06 reference interaction ar/light sample 19

T06 reference interaction ar/light sample 20

T06 reference interaction ar/dark sample 1

T06 reference interaction ar/dark sample 2

T06 reference interaction ar/dark sample 3

T06 reference interaction ar/dark sample 4

T06 reference interaction ar/dark sample 5

T06 reference interaction ar/dark sample 6

T06 reference interaction ar/dark sample 7

T06 reference interaction ar/dark sample 8

T06 reference interaction ar/dark sample 9

T06 reference interaction ar/dark sample 10

T06 reference interaction ar/dark sample 11

T06 reference interaction ar/dark sample 12

T06 reference interaction ar/dark sample 13

T06 reference interaction ar/dark sample 14

T06 reference interaction ar/dark sample 15

T06 reference interaction ar/dark sample 16

T06 reference interaction ar/dark sample 17

T06 reference interaction ar/dark sample 18

T06 reference interaction ar/dark sample 19

T06 reference interaction ar/dark sample 20

  1 passed (1.9m)
