apps/desktop/src/renderer/src/purchase-item-details.tsx 190ms (unchanged)
apps/desktop/src/renderer/src/purchase-row-entry.tsx 299ms (unchanged)
apps/desktop/src/renderer/src/purchasing-api.ts 51ms (unchanged)
apps/desktop/src/renderer/src/purchasing-api.unit.test.ts 40ms (unchanged)
apps/desktop/src/renderer/src/purchasing-messages.ts 67ms (unchanged)
apps/desktop/src/renderer/src/purchasing-screen.tsx 139ms (unchanged)
apps/desktop/test/acceptance/milestone-2.acceptance.test.ts 175ms (unchanged)
apps/desktop/test/browser/purchasing.browser.test.ts 447ms
apps/local-api/src/purchasing/purchase-posting.integration.test.ts 270ms
apps/local-api/src/purchasing/purchasing.controller.ts 89ms (unchanged)
apps/local-api/src/purchasing/purchasing.service.ts 150ms (unchanged)
packages/contracts/src/local-rest/index.ts 368ms (unchanged)
packages/contracts/src/local-rest/purchasing.test.ts 61ms (unchanged)
apps/desktop/src/renderer/src/purchasing-item-details.css 26ms (unchanged)
apps/desktop/src/renderer/src/purchasing-item-details.tsx 43ms (unchanged)
apps/desktop/src/renderer/src/purchasing-item-details.unit.test.ts 10ms (unchanged)
apps/local-api/src/catalog/catalog-purchase-panel.ts 3ms (unchanged)
apps/local-api/src/inventory/inventory-purchase-panel.ts 10ms (unchanged)
apps/local-api/src/inventory/inventory-purchase-panel.unit.test.ts 3ms (unchanged)
packages/contracts/src/local-rest/purchase-item-details.test.ts 5ms (unchanged)
