$ vitest run

 RUN  v4.1.11 P:/Projects/PharmaElectrons/packages/contracts

 ❯ src/local-rest/purchasing.test.ts (37 tests | 1 failed) 162ms
     × has no supplier, draft, or posting hard-delete route 23ms

⎯⎯⎯⎯⎯⎯⎯ Failed Tests 1 ⎯⎯⎯⎯⎯⎯⎯

 FAIL  src/local-rest/purchasing.test.ts > supplier and purchase draft contracts > has no supplier, draft, or posting hard-delete route
AssertionError: expected [ { method: 'POST', …(3) }, …(33) ] to have a length of 33 but got 34

- Expected
+ Received

- 33
+ 34

 ❯ src/local-rest/purchasing.test.ts:197:34
    195|
    196|   it("has no supplier, draft, or posting hard-delete route", () => {
    197|     expect(PURCHASING_CONTRACTS).toHaveLength(33);
       |                                  ^
    198|     expect(
    199|       PURCHASING_CONTRACTS.map((contract) => contract.method),

⎯⎯⎯⎯⎯⎯⎯⎯⎯⎯⎯⎯⎯⎯⎯⎯⎯⎯⎯⎯⎯⎯⎯⎯[1/1]⎯


 Test Files  1 failed | 9 passed (10)
      Tests  1 failed | 218 passed (219)
   Start at  15:27:42
   Duration  2.53s (transform 2.38s, setup 0ms, import 7.70s, tests 787ms, environment 2ms)

P:\Projects\PharmaElectrons\packages\contracts:
[ERR_PNPM_RECURSIVE_RUN_FIRST_FAIL] @breev/contracts@0.0.0 test:unit: `vitest run`
Exit status 1
