apps/desktop/src/renderer/src/purchase-item-details.tsx 244ms (unchanged)
apps/desktop/src/renderer/src/purchase-row-entry.tsx 383ms (unchanged)
apps/desktop/src/renderer/src/purchasing-api.ts 73ms (unchanged)
apps/desktop/src/renderer/src/purchasing-api.unit.test.ts 51ms
apps/desktop/src/renderer/src/purchasing-messages.ts 81ms (unchanged)
apps/desktop/src/renderer/src/purchasing-screen.tsx 241ms (unchanged)
apps/desktop/test/acceptance/milestone-2.acceptance.test.ts 305ms
apps/desktop/test/browser/purchasing.browser.test.ts 570ms
apps/local-api/src/purchasing/purchase-posting.integration.test.ts 431ms
apps/local-api/src/purchasing/purchasing.controller.ts 148ms (unchanged)
apps/local-api/src/purchasing/purchasing.service.ts 264ms (unchanged)
packages/contracts/src/local-rest/index.ts 720ms (unchanged)
packages/contracts/src/local-rest/purchasing.test.ts 129ms (unchanged)
apps/desktop/src/renderer/src/purchasing-item-details.css 51ms (unchanged)
apps/desktop/src/renderer/src/purchasing-item-details.tsx 72ms (unchanged)
apps/desktop/src/renderer/src/purchasing-item-details.unit.test.ts 21ms
apps/local-api/src/catalog/catalog-purchase-panel.ts 7ms (unchanged)
apps/local-api/src/inventory/inventory-purchase-panel.ts 19ms (unchanged)
apps/local-api/src/inventory/inventory-purchase-panel.unit.test.ts 9ms (unchanged)
packages/contracts/src/local-rest/purchase-item-details.test.ts 14ms
