
Running 4 tests using 1 worker



(node:13268) Warning: The 'NO_COLOR' env is ignored due to the 'FORCE_COLOR' env being set.
(Use `node.EXE --trace-warnings ...` to show where the warning was created)
[1/4] test\browser\purchasing.browser.test.ts:1634:7 › Supplier and Purchase Draft screens › T05 complete saved rows and preserved filtered navigation en light
  1) test\browser\purchasing.browser.test.ts:1634:7 › Supplier and Purchase Draft screens › T05 complete saved rows and preserved filtered navigation en light 

    Error: expect(received).toEqual(expected) // deep equality

    - Expected  -  1
    + Received  + 45

    - Array []
    + Array [
    +   Object {
    +     "description": "Ensure landmarks are unique",
    +     "help": "Landmarks should have a unique role or role/label/title (i.e. accessible name) combination",
    +     "helpUrl": "https://dequeuniversity.com/rules/axe/4.13/landmark-unique?application=playwright",
    +     "id": "landmark-unique",
    +     "impact": "moderate",
    +     "nodes": Array [
    +       Object {
    +         "all": Array [],
    +         "any": Array [
    +           Object {
    +             "data": Object {
    +               "accessibleText": "posted purchase invoices",
    +               "role": "region",
    +             },
    +             "id": "landmark-is-unique",
    +             "impact": "moderate",
    +             "message": "The landmark must have a unique aria-label, aria-labelledby, or title to make landmarks distinguishable",
    +             "relatedNodes": Array [
    +               Object {
    +                 "html": "<section aria-label=\"Posted purchase invoices\" class=\"proto-posted-purchase-section\">",
    +                 "target": Array [
    +                   ".proto-posted-purchase-section",
    +                 ],
    +               },
    +             ],
    +           },
    +         ],
    +         "failureSummary": "Fix any of the following:
    +   The landmark must have a unique aria-label, aria-labelledby, or title to make landmarks distinguishable",
    +         "html": "<section class=\"posted-purchase-view\" role=\"region\" aria-label=\"Posted purchase invoices\" aria-labelledby=\"posted-purchase-review-title\" aria-describedby=\"posted-purchase-review-boundary\">",
    +         "impact": "moderate",
    +         "none": Array [],
    +         "target": Array [
    +           ".posted-purchase-view",
    +         ],
    +       },
    +     ],
    +     "tags": Array [
    +       "cat.semantics",
    +       "best-practice",
    +     ],
    +   },
    + ]

      1986 |           }),
      1987 |         ).toBeInViewport();
    > 1988 |         expect((await new AxeBuilder({ page }).analyze()).violations).toEqual(
           |                                                                       ^
      1989 |           [],
      1990 |         );
      1991 |         await page.screenshot({
        at P:\Projects\PharmaElectrons\apps\desktop\test\browser\purchasing.browser.test.ts:1988:71

    Error Context: ..\..\test-results\desktop-browser\purchasing.browser-Supplie-a2261-iltered-navigation-en-light\error-context.md

    Error Context: ..\..\test-results\desktop-browser\purchasing.browser-Supplie-a2261-iltered-navigation-en-light\error-context.md


[2/4] test\browser\purchasing.browser.test.ts:1634:7 › Supplier and Purchase Draft screens › T05 complete saved rows and preserved filtered navigation en dark
[3/4] test\browser\purchasing.browser.test.ts:1634:7 › Supplier and Purchase Draft screens › T05 complete saved rows and preserved filtered navigation ar light
[4/4] test\browser\purchasing.browser.test.ts:1634:7 › Supplier and Purchase Draft screens › T05 complete saved rows and preserved filtered navigation ar dark
  1 failed
    test\browser\purchasing.browser.test.ts:1634:7 › Supplier and Purchase Draft screens › T05 complete saved rows and preserved filtered navigation en light 
  3 did not run
undefined
P:\Projects\PharmaElectrons\apps\desktop:
[ERR_PNPM_RECURSIVE_EXEC_FIRST_FAIL] Command failed with exit code 1: playwright test --config playwright.browser.config.ts test/browser/purchasing.browser.test.ts -g "T05 complete"
