$ prettier --write . "--ignore-path" ".gitignore" "--ignore-path" ".prettierignore" "--ignore-path" "P:\\Projects\\PharmaElectrons\\.scratch\\runtime\\t06-phase-gate-1790863047507\\protected.ignore"
.github/release.yml 137ms (unchanged)
.github/workflows/release.yml 36ms (unchanged)
.github/workflows/verify.yml 23ms (unchanged)
.prettierrc.json 137ms (unchanged)
apps/desktop/components.json 3ms (unchanged)
apps/desktop/electron-builder.config.mjs 31ms (unchanged)
apps/desktop/electron-builder.config.unit.test.ts 56ms (unchanged)
apps/desktop/electron.vite.config.ts 8ms (unchanged)
apps/desktop/package.json 4ms (unchanged)
apps/desktop/playwright.acceptance.config.ts 17ms (unchanged)
apps/desktop/playwright.browser.config.ts 4ms (unchanged)
apps/desktop/playwright.config.ts 3ms (unchanged)
apps/desktop/purchase-adjustment-actions.unit.test.ts 12ms (unchanged)
apps/desktop/renderer-data-boundaries.unit.test.ts 39ms (unchanged)
apps/desktop/scripts/build.mjs 9ms (unchanged)
apps/desktop/scripts/capture-verification-screenshots.mjs 50ms (unchanged)
apps/desktop/scripts/package.mjs 4ms (unchanged)
apps/desktop/scripts/regenerate-evidence.mjs 5ms (unchanged)
apps/desktop/scripts/regenerate-m2-acceptance.mjs 22ms (unchanged)
apps/desktop/src/main/central-diagnostics.ts 38ms (unchanged)
apps/desktop/src/main/central-diagnostics.unit.test.ts 17ms (unchanged)
apps/desktop/src/main/diagnostic-bundle.ts 80ms (unchanged)
apps/desktop/src/main/diagnostic-bundle.unit.test.ts 25ms (unchanged)
apps/desktop/src/main/diagnostic-redaction.ts 13ms (unchanged)
apps/desktop/src/main/diagnostic-redaction.unit.test.ts 11ms (unchanged)
apps/desktop/src/main/diagnostics.ts 42ms (unchanged)
apps/desktop/src/main/diagnostics.unit.test.ts 21ms (unchanged)
apps/desktop/src/main/exported-file.ts 13ms (unchanged)
apps/desktop/src/main/exported-file.unit.test.ts 9ms (unchanged)
apps/desktop/src/main/index.ts 172ms (unchanged)
apps/desktop/src/main/inventory-export-csv.ts 8ms (unchanged)
apps/desktop/src/main/inventory-export-csv.unit.test.ts 9ms (unchanged)
apps/desktop/src/main/pairing-certificates.fixture.ts 33ms (unchanged)
apps/desktop/src/main/pairing-client.ts 64ms (unchanged)
apps/desktop/src/main/pairing-client.unit.test.ts 29ms (unchanged)
apps/desktop/src/main/pairing-invitation.ts 18ms (unchanged)
apps/desktop/src/main/pairing-invitation.unit.test.ts 38ms (unchanged)
apps/desktop/src/main/pairing-transcript.ts 38ms (unchanged)
apps/desktop/src/main/pairing-transcript.unit.test.ts 45ms (unchanged)
apps/desktop/src/main/pairing-trust.ts 71ms (unchanged)
apps/desktop/src/main/pairing-trust.unit.test.ts 42ms (unchanged)
apps/desktop/src/main/security.ts 71ms (unchanged)
apps/desktop/src/main/security.unit.test.ts 66ms (unchanged)
apps/desktop/src/main/support.ts 13ms (unchanged)
apps/desktop/src/main/support.unit.test.ts 11ms (unchanged)
apps/desktop/src/main/terminal-binding.ts 27ms (unchanged)
apps/desktop/src/main/terminal-binding.unit.test.ts 44ms (unchanged)
apps/desktop/src/main/terminal-bridge.ts 76ms (unchanged)
apps/desktop/src/main/terminal-bridge.unit.test.ts 50ms (unchanged)
apps/desktop/src/main/terminal-discovery.ts 22ms (unchanged)
apps/desktop/src/main/terminal-discovery.unit.test.ts 18ms (unchanged)
apps/desktop/src/main/terminal-role.ts 30ms (unchanged)
apps/desktop/src/main/terminal-role.unit.test.ts 48ms (unchanged)
apps/desktop/src/main/terminal-runtime.ts 59ms (unchanged)
apps/desktop/src/main/terminal-runtime.unit.test.ts 20ms (unchanged)
apps/desktop/src/preload/api.ts 32ms (unchanged)
apps/desktop/src/preload/api.unit.test.ts 40ms (unchanged)
apps/desktop/src/preload/index.ts 3ms (unchanged)
apps/desktop/src/renderer/index.html 204ms (unchanged)
apps/desktop/src/renderer/src/app-shell.tsx 82ms (unchanged)
apps/desktop/src/renderer/src/app.tsx 3ms (unchanged)
apps/desktop/src/renderer/src/basket-messages.ts 44ms (unchanged)
apps/desktop/src/renderer/src/basket-messages.unit.test.ts 10ms (unchanged)
apps/desktop/src/renderer/src/basket-quantity.ts 8ms (unchanged)
apps/desktop/src/renderer/src/basket-quantity.unit.test.ts 4ms (unchanged)
apps/desktop/src/renderer/src/basket-screen.tsx 179ms (unchanged)
apps/desktop/src/renderer/src/batch-safety-panel.tsx 125ms (unchanged)
apps/desktop/src/renderer/src/batch-safety-review.tsx 36ms (unchanged)
apps/desktop/src/renderer/src/catalog-api.ts 14ms (unchanged)
apps/desktop/src/renderer/src/catalog-messages.ts 35ms (unchanged)
apps/desktop/src/renderer/src/catalog-messages.unit.test.ts 6ms (unchanged)
apps/desktop/src/renderer/src/catalog-screen.tsx 62ms (unchanged)
apps/desktop/src/renderer/src/committed-focus.ts 5ms (unchanged)
apps/desktop/src/renderer/src/components/ui/card.tsx 5ms (unchanged)
apps/desktop/src/renderer/src/components/ui/collapsible.tsx 4ms (unchanged)
apps/desktop/src/renderer/src/components/ui/dropdown-menu.tsx 10ms (unchanged)
apps/desktop/src/renderer/src/components/ui/tabs.tsx 3ms (unchanged)
apps/desktop/src/renderer/src/components/ui/tabs.unit.test.ts 4ms (unchanged)
apps/desktop/src/renderer/src/count-entry-label.tsx 5ms (unchanged)
apps/desktop/src/renderer/src/count-entry.ts 11ms (unchanged)
apps/desktop/src/renderer/src/count-entry.unit.test.ts 9ms (unchanged)
apps/desktop/src/renderer/src/count-session-review.tsx 25ms (unchanged)
apps/desktop/src/renderer/src/count-session-screen.tsx 118ms (unchanged)
apps/desktop/src/renderer/src/devices-api.ts 9ms (unchanged)
apps/desktop/src/renderer/src/devices-messages.ts 16ms (unchanged)
apps/desktop/src/renderer/src/devices-messages.unit.test.ts 5ms (unchanged)
apps/desktop/src/renderer/src/devices-panel.tsx 75ms (unchanged)
apps/desktop/src/renderer/src/error-boundary.tsx 40ms (unchanged)
apps/desktop/src/renderer/src/error-boundary.unit.test.ts 12ms (unchanged)
apps/desktop/src/renderer/src/feature-surfaces.ts 3ms (unchanged)
apps/desktop/src/renderer/src/feature-surfaces.unit.test.ts 3ms (unchanged)
apps/desktop/src/renderer/src/fingerprint-digits.tsx 3ms (unchanged)
apps/desktop/src/renderer/src/global.d.ts 2ms (unchanged)
apps/desktop/src/renderer/src/home-screen.tsx 114ms (unchanged)
apps/desktop/src/renderer/src/home-screen.unit.test.ts 42ms (unchanged)
apps/desktop/src/renderer/src/identity-api.ts 20ms (unchanged)
apps/desktop/src/renderer/src/identity-messages.ts 30ms (unchanged)
apps/desktop/src/renderer/src/identity-shell.tsx 23ms (unchanged)
apps/desktop/src/renderer/src/identity-state-provider.tsx 10ms (unchanged)
apps/desktop/src/renderer/src/inventory-api.ts 22ms (unchanged)
apps/desktop/src/renderer/src/inventory-api.unit.test.ts 13ms (unchanged)
apps/desktop/src/renderer/src/inventory-item-panel.ts 11ms (unchanged)
apps/desktop/src/renderer/src/inventory-item-panel.unit.test.ts 7ms (unchanged)
apps/desktop/src/renderer/src/inventory-messages.ts 44ms (unchanged)
apps/desktop/src/renderer/src/inventory-messages.unit.test.ts 8ms (unchanged)
apps/desktop/src/renderer/src/inventory-preferences-save.ts 8ms (unchanged)
apps/desktop/src/renderer/src/inventory-preferences-save.unit.test.ts 24ms (unchanged)
apps/desktop/src/renderer/src/inventory-risk-sort.unit.test.ts 6ms (unchanged)
apps/desktop/src/renderer/src/inventory-screen.tsx 135ms (unchanged)
apps/desktop/src/renderer/src/lib/utils.ts 1ms (unchanged)
apps/desktop/src/renderer/src/licence-dates.ts 3ms (unchanged)
apps/desktop/src/renderer/src/licence-dates.unit.test.ts 2ms (unchanged)
apps/desktop/src/renderer/src/licensing-messages.ts 8ms (unchanged)
apps/desktop/src/renderer/src/local-api.ts 4ms (unchanged)
apps/desktop/src/renderer/src/local-api.unit.test.ts 11ms (unchanged)
apps/desktop/src/renderer/src/main.tsx 7ms (unchanged)
apps/desktop/src/renderer/src/messages.ts 16ms (unchanged)
apps/desktop/src/renderer/src/module-ids.ts 2ms (unchanged)
apps/desktop/src/renderer/src/module-navigation.tsx 11ms (unchanged)
apps/desktop/src/renderer/src/module-navigation.unit.test.ts 8ms (unchanged)
apps/desktop/src/renderer/src/money-amount.tsx 2ms (unchanged)
apps/desktop/src/renderer/src/navbar-collapse-menu.tsx 29ms (unchanged)
apps/desktop/src/renderer/src/navbar-collapse-menu.unit.test.ts 11ms (unchanged)
apps/desktop/src/renderer/src/navigation-messages.ts 5ms (unchanged)
apps/desktop/src/renderer/src/navigation.ts 14ms (unchanged)
apps/desktop/src/renderer/src/navigation.unit.test.ts 13ms (unchanged)
apps/desktop/src/renderer/src/pairing-format.ts 4ms (unchanged)
apps/desktop/src/renderer/src/pairing-format.unit.test.ts 4ms (unchanged)
apps/desktop/src/renderer/src/panel-unit-label.ts 6ms (unchanged)
apps/desktop/src/renderer/src/panel-unit-label.unit.test.ts 7ms (unchanged)
apps/desktop/src/renderer/src/permission-catalogue.ts 6ms (unchanged)
apps/desktop/src/renderer/src/permission-catalogue.unit.test.ts 10ms (unchanged)
apps/desktop/src/renderer/src/posted-purchase-review.css 44ms (unchanged)
apps/desktop/src/renderer/src/posted-purchase-review.tsx 226ms (unchanged)
apps/desktop/src/renderer/src/preferences-provider.tsx 8ms (unchanged)
apps/desktop/src/renderer/src/preferences.ts 9ms (unchanged)
apps/desktop/src/renderer/src/preferences.unit.test.ts 8ms (unchanged)
apps/desktop/src/renderer/src/product-form.tsx 183ms (unchanged)
apps/desktop/src/renderer/src/product-form.unit.test.ts 66ms (unchanged)
apps/desktop/src/renderer/src/product-record.tsx 79ms (unchanged)
apps/desktop/src/renderer/src/purchase-adjustment-header-comparison.tsx 5ms (unchanged)
apps/desktop/src/renderer/src/purchase-adjustment-money.ts 3ms (unchanged)
apps/desktop/src/renderer/src/purchase-adjustment-money.unit.test.ts 7ms (unchanged)
apps/desktop/src/renderer/src/purchase-adjustment-workflow.tsx 129ms (unchanged)
apps/desktop/src/renderer/src/purchase-adjustment-workflow.unit.test.ts 8ms (unchanged)
apps/desktop/src/renderer/src/purchase-invoice-offer-fields.tsx 4ms (unchanged)
apps/desktop/src/renderer/src/purchase-invoice-offer-money.ts 4ms (unchanged)
apps/desktop/src/renderer/src/purchase-invoice-offer-money.unit.test.ts 2ms (unchanged)
apps/desktop/src/renderer/src/purchase-item-details.tsx 43ms (unchanged)
apps/desktop/src/renderer/src/purchase-item-details.unit.test.ts 24ms (unchanged)
apps/desktop/src/renderer/src/purchase-result-navigation.ts 3ms (unchanged)
apps/desktop/src/renderer/src/purchase-result-navigation.unit.test.ts 5ms (unchanged)
apps/desktop/src/renderer/src/purchase-return-workflow.tsx 45ms (unchanged)
apps/desktop/src/renderer/src/purchase-return-workflow.unit.test.ts 6ms (unchanged)
apps/desktop/src/renderer/src/purchase-row-entry.tsx 228ms (unchanged)
apps/desktop/src/renderer/src/purchase-row-entry.unit.test.ts 15ms (unchanged)
apps/desktop/src/renderer/src/purchase-row-identity-editor.tsx 13ms (unchanged)
apps/desktop/src/renderer/src/purchasing-api.ts 30ms (unchanged)
apps/desktop/src/renderer/src/purchasing-api.unit.test.ts 19ms (unchanged)
apps/desktop/src/renderer/src/purchasing-draft-filter.ts 3ms (unchanged)
apps/desktop/src/renderer/src/purchasing-draft-filter.unit.test.ts 7ms (unchanged)
apps/desktop/src/renderer/src/purchasing-item-details.css 5ms (unchanged)
apps/desktop/src/renderer/src/purchasing-item-details.tsx 40ms (unchanged)
apps/desktop/src/renderer/src/purchasing-item-details.unit.test.ts 13ms (unchanged)
apps/desktop/src/renderer/src/purchasing-messages.ts 39ms (unchanged)
apps/desktop/src/renderer/src/purchasing-messages.unit.test.ts 7ms (unchanged)
apps/desktop/src/renderer/src/purchasing-screen.tsx 144ms (unchanged)
apps/desktop/src/renderer/src/purchasing-support-details.tsx 4ms (unchanged)
apps/desktop/src/renderer/src/role-editor.tsx 33ms (unchanged)
apps/desktop/src/renderer/src/role-editor.unit.test.ts 26ms (unchanged)
apps/desktop/src/renderer/src/sales-api.ts 13ms (unchanged)
apps/desktop/src/renderer/src/sales-calculator.tsx 9ms (unchanged)
apps/desktop/src/renderer/src/sales-invoice-view.tsx 25ms (unchanged)
apps/desktop/src/renderer/src/sales-messages.ts 6ms (unchanged)
apps/desktop/src/renderer/src/sales-messages.unit.test.ts 3ms (unchanged)
apps/desktop/src/renderer/src/sales-price-dialog.tsx 7ms (unchanged)
apps/desktop/src/renderer/src/sales-quick-access-panel.tsx 11ms (unchanged)
apps/desktop/src/renderer/src/sales-screen.tsx 101ms (unchanged)
apps/desktop/src/renderer/src/sales-workspace-view.tsx 26ms (unchanged)
apps/desktop/src/renderer/src/settings-screen.tsx 55ms (unchanged)
apps/desktop/src/renderer/src/settings-screen.unit.test.ts 28ms (unchanged)
apps/desktop/src/renderer/src/startup-state.ts 3ms (unchanged)
apps/desktop/src/renderer/src/startup-state.unit.test.ts 9ms (unchanged)
apps/desktop/src/renderer/src/state-indicator.tsx 19ms (unchanged)
apps/desktop/src/renderer/src/status-icon.tsx 4ms (unchanged)
apps/desktop/src/renderer/src/status-icon.unit.test.ts 16ms (unchanged)
apps/desktop/src/renderer/src/step-up.tsx 21ms (unchanged)
apps/desktop/src/renderer/src/styles.css 1098ms (unchanged)
apps/desktop/src/renderer/src/suppliers-workspace.tsx 43ms (unchanged)
apps/desktop/src/renderer/src/suppliers-workspace.unit.test.ts 8ms (unchanged)
apps/desktop/src/renderer/src/system-overview.tsx 18ms (unchanged)
apps/desktop/src/renderer/src/terminal-pairing-messages.ts 10ms (unchanged)
apps/desktop/src/renderer/src/terminal-pairing-screen.tsx 26ms (unchanged)
apps/desktop/src/renderer/src/terminal-pairing.ts 6ms (unchanged)
apps/desktop/src/renderer/src/terminal-pairing.unit.test.ts 12ms (unchanged)
apps/desktop/src/renderer/src/unavailable-surface.tsx 4ms (unchanged)
apps/desktop/src/renderer/src/use-startup-connection.ts 15ms (unchanged)
apps/desktop/src/renderer/src/user-management-panel.tsx 28ms (unchanged)
apps/desktop/src/renderer/src/user-management-panel.unit.test.ts 9ms (unchanged)
apps/desktop/test/acceptance/evidence-path.ts 3ms (unchanged)
apps/desktop/test/acceptance/global-setup.ts 2ms (unchanged)
apps/desktop/test/acceptance/keyboard.ts 13ms (unchanged)
apps/desktop/test/acceptance/milestone-2.acceptance.test.ts 168ms (unchanged)
apps/desktop/test/acceptance/packaged-desktop.ts 15ms (unchanged)
apps/desktop/test/acceptance/provenance.ts 13ms (unchanged)
apps/desktop/test/acceptance/seed.ts 23ms (unchanged)
apps/desktop/test/acceptance/transcript.ts 14ms (unchanged)
apps/desktop/test/browser/basket.browser.test.ts 96ms (unchanged)
apps/desktop/test/browser/batch-safety.browser.test.ts 54ms (unchanged)
apps/desktop/test/browser/catalog.browser.test.ts 164ms (unchanged)
apps/desktop/test/browser/count-session.browser.test.ts 96ms (unchanged)
apps/desktop/test/browser/devices-pairing.browser.test.ts 65ms (unchanged)
apps/desktop/test/browser/evidence-path.ts 2ms (unchanged)
apps/desktop/test/browser/focus.ts 1ms (unchanged)
apps/desktop/test/browser/inventory.browser.test.ts 112ms (unchanged)
apps/desktop/test/browser/licence-generator.browser.test.ts 14ms (unchanged)
apps/desktop/test/browser/licensing-ui.browser.test.ts 45ms (unchanged)
apps/desktop/test/browser/purchasing.browser.test.ts 407ms (unchanged)
apps/desktop/test/browser/sales.browser.test.ts 102ms (unchanged)
apps/desktop/test/browser/shell-navigation.browser.test.ts 28ms (unchanged)
apps/desktop/test/browser/shell.browser.test.ts 165ms (unchanged)
apps/desktop/test/browser/terminal-pairing.browser.test.ts 44ms (unchanged)
apps/desktop/test/database-roles.ts 5ms (unchanged)
apps/desktop/test/desktop.smoke.test.ts 46ms (unchanged)
apps/desktop/test/licence-issuer.ts 3ms (unchanged)
apps/desktop/test/licence-key-override.mjs 3ms (unchanged)
apps/desktop/test/local-api-process.ts 8ms (unchanged)
apps/desktop/test/terminal-role.ts 20ms (unchanged)
apps/desktop/test/windows/standard-user-proof.mjs 27ms (unchanged)
apps/desktop/tsconfig.json 2ms (unchanged)
apps/desktop/tsconfig.node.json 1ms (unchanged)
apps/desktop/tsconfig.renderer.json 2ms (unchanged)
apps/desktop/vitest.config.ts 1ms (unchanged)
apps/desktop/windows/installer.unit.test.ts 11ms (unchanged)
apps/local-api/drizzle/meta/_journal.json 6ms (unchanged)
apps/local-api/package.json 1ms (unchanged)
apps/local-api/seed-full-demo-data.cjs 59ms (unchanged)
apps/local-api/src/accounting/accounting-persistence.ts 17ms (unchanged)
apps/local-api/src/accounting/accounting-schema.ts 15ms (unchanged)
apps/local-api/src/accounting/count-variance-posting-template.ts 6ms (unchanged)
apps/local-api/src/accounting/count-variance-posting-template.unit.test.ts 4ms (unchanged)
apps/local-api/src/accounting/purchase-adjustment-posting-template.ts 7ms (unchanged)
apps/local-api/src/accounting/purchase-adjustment-posting-template.unit.test.ts 5ms (unchanged)
apps/local-api/src/accounting/purchase-posting-template.ts 6ms (unchanged)
apps/local-api/src/accounting/purchase-posting-template.unit.test.ts 16ms (unchanged)
apps/local-api/src/accounting/purchase-return-posting-template.ts 5ms (unchanged)
apps/local-api/src/accounting/purchase-return-posting-template.unit.test.ts 5ms (unchanged)
apps/local-api/src/app.module.ts 6ms (unchanged)
apps/local-api/src/catalog/catalog-authorization.integration.test.ts 85ms (unchanged)
apps/local-api/src/catalog/catalog-exact.ts 9ms (unchanged)
apps/local-api/src/catalog/catalog-inventory.ts 9ms (unchanged)
apps/local-api/src/catalog/catalog-packaging-migration.integration.test.ts 15ms (unchanged)
apps/local-api/src/catalog/catalog-packaging.ts 17ms (unchanged)
apps/local-api/src/catalog/catalog-packaging.unit.test.ts 30ms (unchanged)
apps/local-api/src/catalog/catalog-pricing.ts 7ms (unchanged)
apps/local-api/src/catalog/catalog-pricing.unit.test.ts 22ms (unchanged)
apps/local-api/src/catalog/catalog-purchase-panel.ts 4ms (unchanged)
apps/local-api/src/catalog/catalog-purchase-price-update.ts 2ms (unchanged)
apps/local-api/src/catalog/catalog-purchase.ts 13ms (unchanged)
apps/local-api/src/catalog/catalog-schema.ts 25ms (unchanged)
apps/local-api/src/catalog/catalog-search.ts 3ms (unchanged)
apps/local-api/src/catalog/catalog-search.unit.test.ts 3ms (unchanged)
apps/local-api/src/catalog/catalog.controller.ts 36ms (unchanged)
apps/local-api/src/catalog/catalog.integration.test.ts 102ms (unchanged)
apps/local-api/src/catalog/catalog.service.ts 103ms (unchanged)
apps/local-api/src/database-connection.ts 4ms (unchanged)
apps/local-api/src/database-connection.unit.test.ts 5ms (unchanged)
apps/local-api/src/database-health.service.ts 2ms (unchanged)
apps/local-api/src/database-migrations.ts 5ms (unchanged)
apps/local-api/src/database-migrations.unit.test.ts 4ms (unchanged)
apps/local-api/src/devices/devices-audit.ts 7ms (unchanged)
apps/local-api/src/devices/devices-ca.integration.test.ts 28ms (unchanged)
apps/local-api/src/devices/devices.controller.ts 12ms (unchanged)
apps/local-api/src/devices/devices.integration.test.ts 170ms (unchanged)
apps/local-api/src/devices/devices.service.ts 71ms (unchanged)
apps/local-api/src/devices/discovery-publisher.ts 3ms (unchanged)
apps/local-api/src/devices/discovery-publisher.unit.test.ts 2ms (unchanged)
apps/local-api/src/devices/pairing-csr.ts 6ms (unchanged)
apps/local-api/src/devices/pairing-csr.unit.test.ts 13ms (unchanged)
apps/local-api/src/devices/pairing-domain.ts 20ms (unchanged)
apps/local-api/src/devices/pairing-domain.unit.test.ts 19ms (unchanged)
apps/local-api/src/devices/pairing-endpoint.ts 2ms (unchanged)
apps/local-api/src/devices/pairing-endpoint.unit.test.ts 3ms (unchanged)
apps/local-api/src/devices/pairing.routes.ts 9ms (unchanged)
apps/local-api/src/devices/test-helpers/devices-fixture.test.ts 5ms (unchanged)
apps/local-api/src/devices/test-helpers/licence-issuer.test.ts 4ms (unchanged)
apps/local-api/src/devices/test-helpers/terminal-client.test.ts 13ms (unchanged)
apps/local-api/src/durable-jobs/durable-jobs.integration.test.ts 40ms (unchanged)
apps/local-api/src/durable-jobs/durable-jobs.service.ts 26ms (unchanged)
apps/local-api/src/durable-jobs/durable-jobs.types.ts 2ms (unchanged)
apps/local-api/src/durable-jobs/test-helpers/crash-harness-schema.ts 4ms (unchanged)
apps/local-api/src/durable-jobs/test-helpers/crash-test-harness.ts 13ms (unchanged)
apps/local-api/src/durable-jobs/test-helpers/crash-worker-child.ts 13ms (unchanged)
apps/local-api/src/health.controller.ts 4ms (unchanged)
apps/local-api/src/identity-access/authorization.ts 6ms (unchanged)
apps/local-api/src/identity-access/authorization.unit.test.ts 11ms (unchanged)
apps/local-api/src/identity-access/batch-safety-migration.integration.test.ts 21ms (unchanged)
apps/local-api/src/identity-access/custom-roles-migration.integration.test.ts 30ms (unchanged)
apps/local-api/src/identity-access/identity-access.controller.ts 16ms (unchanged)
apps/local-api/src/identity-access/identity-access.integration.test.ts 151ms (unchanged)
apps/local-api/src/identity-access/identity-access.service.ts 225ms (unchanged)
apps/local-api/src/identity-access/inventory-count-migration.integration.test.ts 19ms (unchanged)
apps/local-api/src/identity-access/inventory-reorder-migration.integration.test.ts 25ms (unchanged)
apps/local-api/src/identity-access/inventory-review-migration.integration.test.ts 12ms (unchanged)
apps/local-api/src/identity-access/password.ts 5ms (unchanged)
apps/local-api/src/identity-access/password.unit.test.ts 6ms (unchanged)
apps/local-api/src/identity-access/purchasing-role-default-migration.integration.test.ts 20ms (unchanged)
apps/local-api/src/identity-access/sale-draft-migration.integration.test.ts 28ms (unchanged)
apps/local-api/src/identity-access/settings-crash.integration.test.ts 59ms (unchanged)
apps/local-api/src/identity-access/settings-post-commit.service.ts 5ms (unchanged)
apps/local-api/src/identity-access/settings-posting.integration.test.ts 42ms (unchanged)
apps/local-api/src/identity-access/test-helpers/settings-crash-child.test.ts 16ms (unchanged)
apps/local-api/src/identity-access/test-helpers/settings-crash-harness.test.ts 15ms (unchanged)
apps/local-api/src/inventory/business-date.ts 10ms (unchanged)
apps/local-api/src/inventory/business-date.unit.test.ts 3ms (unchanged)
apps/local-api/src/inventory/inventory-count-authorization.integration.test.ts 66ms (unchanged)
apps/local-api/src/inventory/inventory-count-persistence.ts 34ms (unchanged)
apps/local-api/src/inventory/inventory-count.controller.ts 11ms (unchanged)
apps/local-api/src/inventory/inventory-count.integration.test.ts 56ms (unchanged)
apps/local-api/src/inventory/inventory-count.service.ts 62ms (unchanged)
apps/local-api/src/inventory/inventory-count.ts 9ms (unchanged)
apps/local-api/src/inventory/inventory-count.unit.test.ts 13ms (unchanged)
apps/local-api/src/inventory/inventory-eligibility.ts 3ms (unchanged)
apps/local-api/src/inventory/inventory-eligibility.unit.test.ts 5ms (unchanged)
apps/local-api/src/inventory/inventory-fefo.ts 14ms (unchanged)
apps/local-api/src/inventory/inventory-fefo.unit.test.ts 6ms (unchanged)
apps/local-api/src/inventory/inventory-item-view.ts 6ms (unchanged)
apps/local-api/src/inventory/inventory-item-view.unit.test.ts 3ms (unchanged)
apps/local-api/src/inventory/inventory-persistence.ts 37ms (unchanged)
apps/local-api/src/inventory/inventory-purchase-panel.ts 5ms (unchanged)
apps/local-api/src/inventory/inventory-purchase-panel.unit.test.ts 2ms (unchanged)
apps/local-api/src/inventory/inventory-receipt-rules.ts 4ms (unchanged)
apps/local-api/src/inventory/inventory-receipt-rules.unit.test.ts 7ms (unchanged)
apps/local-api/src/inventory/inventory-reorder-authorization.integration.test.ts 74ms (unchanged)
apps/local-api/src/inventory/inventory-reorder-persistence.ts 13ms (unchanged)
apps/local-api/src/inventory/inventory-reorder.controller.ts 11ms (unchanged)
apps/local-api/src/inventory/inventory-reorder.integration.test.ts 56ms (unchanged)
apps/local-api/src/inventory/inventory-reorder.service.ts 40ms (unchanged)
apps/local-api/src/inventory/inventory-reorder.ts 3ms (unchanged)
apps/local-api/src/inventory/inventory-reorder.unit.test.ts 7ms (unchanged)
apps/local-api/src/inventory/inventory-review.ts 8ms (unchanged)
apps/local-api/src/inventory/inventory-review.unit.test.ts 8ms (unchanged)
apps/local-api/src/inventory/inventory-risk.ts 5ms (unchanged)
apps/local-api/src/inventory/inventory-risk.unit.test.ts 4ms (unchanged)
apps/local-api/src/inventory/inventory-safety-evaluator.ts 8ms (unchanged)
apps/local-api/src/inventory/inventory-safety-no-override.integration.test.ts 43ms (unchanged)
apps/local-api/src/inventory/inventory-safety.controller.ts 12ms (unchanged)
apps/local-api/src/inventory/inventory-safety.integration.test.ts 40ms (unchanged)
apps/local-api/src/inventory/inventory-safety.service.ts 52ms (unchanged)
apps/local-api/src/inventory/inventory-schema.ts 9ms (unchanged)
apps/local-api/src/inventory/inventory-valuation.ts 10ms (unchanged)
apps/local-api/src/inventory/inventory-valuation.unit.test.ts 14ms (unchanged)
apps/local-api/src/inventory/test-helpers/inventory-safety-crash-child.test.ts 11ms (unchanged)
apps/local-api/src/inventory/test-helpers/inventory-safety-crash-harness.test.ts 12ms (unchanged)
apps/local-api/src/licensing/dev-licence-generator.unit.test.ts 4ms (unchanged)
apps/local-api/src/licensing/entitlement.ts 3ms (unchanged)
apps/local-api/src/licensing/entitlement.unit.test.ts 3ms (unchanged)
apps/local-api/src/licensing/licence-fixtures.test.ts 1ms (unchanged)
apps/local-api/src/licensing/licence-keys.ts 1ms (unchanged)
apps/local-api/src/licensing/licensing-administration.service.ts 8ms (unchanged)
apps/local-api/src/licensing/licensing.controller.ts 5ms (unchanged)
apps/local-api/src/licensing/licensing.integration.test.ts 39ms (unchanged)
apps/local-api/src/licensing/licensing.service.ts 26ms (unchanged)
apps/local-api/src/licensing/offline-licence.ts 14ms (unchanged)
apps/local-api/src/licensing/offline-licence.unit.test.ts 20ms (unchanged)
apps/local-api/src/licensing/trusted-time.ts 4ms (unchanged)
apps/local-api/src/licensing/trusted-time.unit.test.ts 3ms (unchanged)
apps/local-api/src/local-database.service.ts 9ms (unchanged)
apps/local-api/src/main-device/main-device-binding.ts 5ms (unchanged)
apps/local-api/src/main-device/main-device-binding.unit.test.ts 3ms (unchanged)
apps/local-api/src/main-device/main-device-proof.controller.ts 2ms (unchanged)
apps/local-api/src/main-device/main-device-schema.ts 6ms (unchanged)
apps/local-api/src/main-device/main-device-security.integration.test.ts 49ms (unchanged)
apps/local-api/src/main-device/main-device-security.service.ts 24ms (unchanged)
apps/local-api/src/main-device/renderer-mutation-parity.unit.test.ts 6ms (unchanged)
apps/local-api/src/main.ts 7ms (unchanged)
apps/local-api/src/migrate.ts 4ms (unchanged)
apps/local-api/src/pharmacy-ca/cng-addon.ts 22ms (unchanged)
apps/local-api/src/pharmacy-ca/cng-addon.unit.test.ts 7ms (unchanged)
apps/local-api/src/pharmacy-ca/lan-mtls-server.ts 4ms (unchanged)
apps/local-api/src/pharmacy-ca/mtls-verification.middleware.ts 6ms (unchanged)
apps/local-api/src/pharmacy-ca/pharmacy-ca-crypto.ts 33ms (unchanged)
apps/local-api/src/pharmacy-ca/pharmacy-ca-crypto.unit.test.ts 21ms (unchanged)
apps/local-api/src/pharmacy-ca/pharmacy-ca-schema.ts 9ms (unchanged)
apps/local-api/src/pharmacy-ca/pharmacy-ca.integration.test.ts 37ms (unchanged)
apps/local-api/src/pharmacy-ca/pharmacy-ca.service.ts 11ms (unchanged)
apps/local-api/src/pharmacy-ca/terminal-socket-registry.ts 4ms (unchanged)
apps/local-api/src/pharmacy-ca/terminal-socket-registry.unit.test.ts 5ms (unchanged)
apps/local-api/src/posting/audit-writer.ts 2ms (unchanged)
apps/local-api/src/posting/canonical-hash.ts 5ms (unchanged)
apps/local-api/src/posting/canonical-hash.unit.test.ts 10ms (unchanged)
apps/local-api/src/posting/command-retry.ts 4ms (unchanged)
apps/local-api/src/posting/command-retry.unit.test.ts 7ms (unchanged)
apps/local-api/src/posting/idempotency.ts 4ms (unchanged)
apps/local-api/src/posting/lock-order.ts 3ms (unchanged)
apps/local-api/src/posting/lock-order.unit.test.ts 8ms (unchanged)
apps/local-api/src/posting/money.ts 18ms (unchanged)
apps/local-api/src/posting/money.unit.test.ts 55ms (unchanged)
apps/local-api/src/posting/number-sequences.ts 10ms (unchanged)
apps/local-api/src/posting/outbox.ts 7ms (unchanged)
apps/local-api/src/posting/outbox.unit.test.ts 5ms (unchanged)
apps/local-api/src/posting/posting-infrastructure.integration.test.ts 73ms (unchanged)
apps/local-api/src/purchasing/posted-purchase-review.unit.test.ts 1ms (unchanged)
apps/local-api/src/purchasing/purchase-adjustment-confirmation.ts 2ms (unchanged)
apps/local-api/src/purchasing/purchase-adjustment-confirmation.unit.test.ts 18ms (unchanged)
apps/local-api/src/purchasing/purchase-adjustment-delta.ts 14ms (unchanged)
apps/local-api/src/purchasing/purchase-adjustment-delta.unit.test.ts 25ms (unchanged)
apps/local-api/src/purchasing/purchase-adjustments.service.ts 107ms (unchanged)
apps/local-api/src/purchasing/purchase-costs.ts 4ms (unchanged)
apps/local-api/src/purchasing/purchase-costs.unit.test.ts 7ms (unchanged)
apps/local-api/src/purchasing/purchase-duplicates.ts 2ms (unchanged)
apps/local-api/src/purchasing/purchase-invoice-offer-migration.integration.test.ts 12ms (unchanged)
apps/local-api/src/purchasing/purchase-invoice-offer.ts 5ms (unchanged)
apps/local-api/src/purchasing/purchase-invoice-offer.unit.test.ts 9ms (unchanged)
apps/local-api/src/purchasing/purchase-posting.integration.test.ts 298ms (unchanged)
apps/local-api/src/purchasing/purchase-price-capture.ts 6ms (unchanged)
apps/local-api/src/purchasing/purchase-price-capture.unit.test.ts 10ms (unchanged)
apps/local-api/src/purchasing/purchase-return.ts 3ms (unchanged)
apps/local-api/src/purchasing/purchase-return.unit.test.ts 3ms (unchanged)
apps/local-api/src/purchasing/purchase-returns.service.ts 56ms (unchanged)
apps/local-api/src/purchasing/purchase-row.ts 6ms (unchanged)
apps/local-api/src/purchasing/purchase-row.unit.test.ts 4ms (unchanged)
apps/local-api/src/purchasing/purchasing-domain.ts 1ms (unchanged)
apps/local-api/src/purchasing/purchasing-domain.unit.test.ts 2ms (unchanged)
apps/local-api/src/purchasing/purchasing-references.ts 7ms (unchanged)
apps/local-api/src/purchasing/purchasing-schema.ts 37ms (unchanged)
apps/local-api/src/purchasing/purchasing.controller.ts 34ms (unchanged)
apps/local-api/src/purchasing/purchasing.integration.test.ts 42ms (unchanged)
apps/local-api/src/purchasing/purchasing.service.ts 121ms (unchanged)
apps/local-api/src/recovery/durable-file.ts 3ms (unchanged)
apps/local-api/src/recovery/manifest-verifier.ts 8ms (unchanged)
apps/local-api/src/recovery/quarantine.middleware.ts 6ms (unchanged)
apps/local-api/src/recovery/recovery-coordinator.service.ts 23ms (unchanged)
apps/local-api/src/recovery/recovery-crypto.ts 13ms (unchanged)
apps/local-api/src/recovery/recovery-job.service.ts 8ms (unchanged)
apps/local-api/src/recovery/recovery-key-provider.ts 1ms (unchanged)
apps/local-api/src/recovery/recovery-schema.ts 7ms (unchanged)
apps/local-api/src/recovery/recovery.controller.ts 4ms (unchanged)
apps/local-api/src/recovery/recovery.unit.test.ts 31ms (unchanged)
apps/local-api/src/recovery/restore-isolation.ts 5ms (unchanged)
apps/local-api/src/recovery/restore-quarantine.service.ts 10ms (unchanged)
apps/local-api/src/recovery/wal-archiver.ts 4ms (unchanged)
apps/local-api/src/reporting/inventory-authorization.integration.test.ts 28ms (unchanged)
apps/local-api/src/reporting/inventory-review.controller.ts 7ms (unchanged)
apps/local-api/src/reporting/inventory-review.integration.test.ts 47ms (unchanged)
apps/local-api/src/reporting/inventory-review.service.ts 27ms (unchanged)
apps/local-api/src/reporting/inventory-review.service.unit.test.ts 5ms (unchanged)
apps/local-api/src/sales/sale-draft-authorization.integration.test.ts 23ms (unchanged)
apps/local-api/src/sales/sale-draft-lines.ts 9ms (unchanged)
apps/local-api/src/sales/sale-draft-persistence.ts 5ms (unchanged)
apps/local-api/src/sales/sale-draft.controller.ts 15ms (unchanged)
apps/local-api/src/sales/sale-draft.integration.test.ts 71ms (unchanged)
apps/local-api/src/sales/sale-draft.service.ts 53ms (unchanged)
apps/local-api/src/sales/sale-quick-access.controller.ts 5ms (unchanged)
apps/local-api/src/sales/sale-quick-access.service.ts 28ms (unchanged)
apps/local-api/test/database-roles.ts 8ms (unchanged)
apps/local-api/test/health.integration.test.ts 10ms (unchanged)
apps/local-api/test/migrate.integration.test.ts 12ms (unchanged)
apps/local-api/test/owner-floor-fixture.ts 4ms (unchanged)
apps/local-api/test/recovery.integration.test.ts 38ms (unchanged)
apps/local-api/test/windows-boot.integration.test.ts 9ms (unchanged)
apps/local-api/test/windows-service-boot.integration.test.ts 13ms (unchanged)
apps/local-api/tsconfig.build.json 2ms (unchanged)
apps/local-api/tsconfig.json 1ms (unchanged)
apps/local-api/vitest.config.ts 2ms (unchanged)
apps/local-api/vitest.unit.config.ts 1ms (unchanged)
apps/local-api/windows/api-runtime.integration.test.mjs 40ms (unchanged)
apps/local-api/windows/build-api-runtime.mjs 11ms (unchanged)
apps/local-api/windows/lifecycle.unit.test.ts 8ms (unchanged)
apps/local-api/windows/payload-inventory.unit.test.mjs 9ms (unchanged)
apps/local-api/windows/payload-lock.json 1ms (unchanged)
apps/local-api/windows/postgresql-runtime-files.json 12ms (unchanged)
apps/local-api/windows/postgresql-runtime.mjs 4ms (unchanged)
apps/local-api/windows/postgresql-runtime.unit.test.mjs 6ms (unchanged)
apps/local-api/windows/prepare-payload.mjs 15ms (unchanged)
CHANGELOG.md 871ms (unchanged)
eslint.config.mjs 3ms (unchanged)
GATES.md 40ms (unchanged)
package.json 1ms (unchanged)
packages/contracts/package.json 1ms (unchanged)
packages/contracts/src/desktop-preload/index.test.ts 23ms (unchanged)
packages/contracts/src/desktop-preload/index.ts 37ms (unchanged)
packages/contracts/src/local-rest/index.test.ts 99ms (unchanged)
packages/contracts/src/local-rest/index.ts 408ms (unchanged)
packages/contracts/src/local-rest/inventory-count.test.ts 4ms (unchanged)
packages/contracts/src/local-rest/inventory-reorder.test.ts 7ms (unchanged)
packages/contracts/src/local-rest/inventory.test.ts 9ms (unchanged)
packages/contracts/src/local-rest/product-name.test.ts 14ms (unchanged)
packages/contracts/src/local-rest/purchase-item-details.test.ts 5ms (unchanged)
packages/contracts/src/local-rest/purchasing.test.ts 54ms (unchanged)
packages/contracts/src/local-rest/registries.test.ts 10ms (unchanged)
packages/contracts/src/local-rest/sales.test.ts 13ms (unchanged)
packages/contracts/tsconfig.build.json 1ms (unchanged)
packages/contracts/tsconfig.json 1ms (unchanged)
pnpm-workspace.yaml 5ms (unchanged)
README.md 25ms (unchanged)
tooling/boundaries/check.mjs 19ms (unchanged)
tooling/boundaries/fixtures/contracts-root/bad.ts 1ms (unchanged)
tooling/boundaries/fixtures/cross-module-table/src/modules/inventory/tables.ts 1ms (unchanged)
tooling/boundaries/fixtures/cross-module-table/src/modules/sales/service.ts 1ms (unchanged)
tooling/boundaries/fixtures/cycle/a.ts 1ms (unchanged)
tooling/boundaries/fixtures/cycle/b.ts 1ms (unchanged)
tooling/boundaries/fixtures/renderer/src/main/index.ts 1ms (unchanged)
tooling/boundaries/fixtures/renderer/src/renderer/bad.ts 1ms (unchanged)
tooling/boundaries/fixtures/valid/src/modules/catalog/service.ts 1ms (unchanged)
tooling/boundaries/fixtures/valid/src/modules/catalog/tables.ts 1ms (unchanged)
tooling/boundaries/prove.mjs 3ms (unchanged)
tooling/check-local-env.mjs 13ms (unchanged)
tooling/dev-inventory-seed.mjs 42ms (unchanged)
tooling/dev-launcher.test.mjs 3ms (unchanged)
tooling/dev.mjs 9ms (unchanged)
tooling/licensing/check-artifact.mjs 4ms (unchanged)
tooling/licensing/check-signing-key.mjs 9ms (unchanged)
tooling/licensing/generator.html 102ms (unchanged)
tooling/release/verify-version.mjs 7ms (unchanged)
tooling/release/verify-version.test.mjs 5ms (unchanged)
tooling/windows/forge-comparison/forge.config.mjs 14ms (unchanged)
tooling/windows/forge-comparison/forge.config.test.mjs 6ms (unchanged)
tooling/windows/forge-comparison/package.json 1ms (unchanged)
tooling/windows/forge-comparison/pnpm-workspace.yaml 3ms (unchanged)
tooling/windows/forge-comparison/tool-lock.json 1ms (unchanged)
tooling/windows/forge-comparison/vite.main.config.mjs 2ms (unchanged)
tooling/windows/forge-comparison/vite.preload.config.mjs 2ms (unchanged)
tooling/windows/forge-comparison/vite.renderer.config.mjs 3ms (unchanged)
tooling/windows/m1-mtls/aggregate-mtls-results.mjs 10ms (unchanged)
tooling/windows/m1-mtls/der.mjs 20ms (unchanged)
tooling/windows/m1-mtls/licence-key-override.mjs 4ms (unchanged)
tooling/windows/m1-mtls/main-pairing-operator.mjs 11ms (unchanged)
tooling/windows/m1-mtls/peer-client.integration.test.mjs 24ms (unchanged)
tooling/windows/m1-mtls/peer-mtls-driver.mjs 14ms (unchanged)
tooling/windows/m1-mtls/peer-terminal-client.mjs 40ms (unchanged)
tooling/windows/m1-mtls/seed-pairing-prereqs.mjs 16ms (unchanged)
tooling/windows/m1-mtls/terminal-identity.mjs 7ms (unchanged)
tooling/windows/m1/contract.json 2ms (unchanged)
tooling/windows/m1/sanitize-evidence.mjs 6ms (unchanged)
tooling/windows/payload-inventory.mjs 5ms (unchanged)
tooling/windows/proof/probe-durable-jobs.mjs 14ms (unchanged)
tooling/windows/proof/probe-lan-refusal.mjs 7ms (unchanged)
tooling/windows/proof/prove-asar-integrity.mjs 11ms (unchanged)
tooling/windows/proof/read-asar-package-version.mjs 5ms (unchanged)
tooling/windows/proof/read-fuses.mjs 6ms (unchanged)
tsconfig.base.json 1ms (unchanged)
turbo.json 1ms (unchanged)
