$ turbo run test:integration --filter=@breev/local-api "--env-mode=loose"
• turbo 2.10.11

   • Packages in scope: @breev/local-api
   • Running test:integration in 1 packages
   • Remote caching disabled

@breev/contracts:build: cache miss, executing 822b6645c11d5737
@breev/contracts:build: $ tsc -p tsconfig.build.json
@breev/local-api:build: cache miss, executing 4b1b9a043cdc846e
@breev/local-api:build: $ tsc -p tsconfig.build.json
@breev/local-api:test:integration: cache bypass, force executing d0660daf5d350bd9
@breev/local-api:test:integration: $ vitest run --config vitest.config.ts
@breev/local-api:test:integration: 
@breev/local-api:test:integration:  RUN  v4.1.11 P:/Projects/PharmaElectrons/apps/local-api
@breev/local-api:test:integration: 
@breev/local-api:test:integration:  ❯ test/windows-boot.integration.test.ts (2 tests | 1 failed) 17634ms
@breev/local-api:test:integration:      × stays up and reports degraded against an unmigrated database 8ms
@breev/local-api:test:integration:  ❯ src/inventory/inventory-reorder-authorization.integration.test.ts (3 tests | 1 skipped) 21963ms
@breev/local-api:test:integration:  ❯ src/catalog/catalog-authorization.integration.test.ts (8 tests | 1 skipped) 9811ms
@breev/local-api:test:integration:  ❯ src/inventory/inventory-safety.integration.test.ts (4 tests | 1 failed) 7366ms
@breev/local-api:test:integration:      × recovers the real queue across claim, date-commit, final-commit, and duplicate-delivery crashes 3003ms
@breev/local-api:test:integration:  ❯ test/windows-service-boot.integration.test.ts (2 tests | 2 skipped) 20ms
@breev/local-api:test:integration:  ❯ src/licensing/licensing.integration.test.ts (8 tests | 8 skipped) 20ms
@breev/local-api:test:integration:  ❯ test/recovery.integration.test.ts (13 tests | 13 skipped) 18ms
@breev/local-api:test:integration:  ❯ src/identity-access/settings-posting.integration.test.ts (8 tests | 8 skipped) 16ms
@breev/local-api:test:integration:  ❯ src/devices/devices.integration.test.ts (29 tests | 29 skipped) 18ms
@breev/local-api:test:integration:  ❯ src/durable-jobs/durable-jobs.integration.test.ts (21 tests | 21 skipped) 16ms
@breev/local-api:test:integration:  ❯ src/identity-access/settings-crash.integration.test.ts (6 tests | 6 skipped) 17ms
@breev/local-api:test:integration:  ❯ src/main-device/main-device-security.integration.test.ts (31 tests | 31 skipped) 18ms
@breev/local-api:test:integration:  ❯ src/devices/devices-ca.integration.test.ts (4 tests | 4 skipped) 29ms
@breev/local-api:test:integration:  ❯ test/health.integration.test.ts (3 tests | 3 skipped) 31ms
@breev/local-api:test:integration:  ❯ src/posting/posting-infrastructure.integration.test.ts (18 tests | 18 skipped) 41ms
@breev/local-api:test:integration:  ❯ src/pharmacy-ca/pharmacy-ca.integration.test.ts (19 tests | 19 skipped) 41ms
@breev/local-api:test:integration:  ❯ test/migrate.integration.test.ts (4 tests | 4 skipped) 48ms
@breev/local-api:test:integration:  ❯ src/catalog/catalog-packaging-migration.integration.test.ts (1 test | 1 skipped) 77ms
@breev/local-api:test:integration:  ❯ src/purchasing/purchase-posting.integration.test.ts (25 tests | 3 failed) 32593ms
@breev/local-api:test:integration:      × T06 reconciles exact live balance, configured expiry, zero/missing values and frozen cost references 323ms
@breev/local-api:test:integration:      × T06 preserves stock when valuation reconciliation is unavailable and performs no inventory writes 221ms
@breev/local-api:test:integration:      × T06 redacts stock and costs independently by server permissions and settings 209ms
@breev/local-api:test:integration: 
@breev/local-api:test:integration: ⎯⎯⎯⎯⎯⎯ Failed Suites 16 ⎯⎯⎯⎯⎯⎯
@breev/local-api:test:integration: 
@breev/local-api:test:integration:  FAIL  test/health.integration.test.ts > local API health persistence seam
@breev/local-api:test:integration: Error: Could not find a working container runtime strategy
@breev/local-api:test:integration:  ❯ getContainerRuntimeClient ../../node_modules/.pnpm/testcontainers@12.1.0_supports-color@7.2.0/node_modules/testcontainers/build/container-runtime/clients/client.js:67:11
@breev/local-api:test:integration:  ❯ PostgreSqlContainer.start ../../node_modules/.pnpm/testcontainers@12.1.0_supports-color@7.2.0/node_modules/testcontainers/build/generic-container/generic-container.js:62:24
@breev/local-api:test:integration:  ❯ PostgreSqlContainer.start ../../node_modules/.pnpm/@testcontainers+postgresql@12.1.0_supports-color@7.2.0/node_modules/@testcontainers/postgresql/build/postgresql-container.js:119:47
@breev/local-api:test:integration:  ❯ test/health.integration.test.ts:31:16
@breev/local-api:test:integration:      29|
@breev/local-api:test:integration:      30|   beforeAll(async () => {
@breev/local-api:test:integration:      31|     postgres = await new PostgreSqlContainer(POSTGRES_IMAGE).start();
@breev/local-api:test:integration:        |                ^
@breev/local-api:test:integration:      32|     databaseRoles = await createSeparatedDatabaseRoles(postgres);
@breev/local-api:test:integration:      33|     const port = await reservePort();
@breev/local-api:test:integration: 
@breev/local-api:test:integration: ⎯⎯⎯⎯⎯⎯⎯⎯⎯⎯⎯⎯⎯⎯⎯⎯⎯⎯⎯⎯⎯⎯⎯[1/21]⎯
@breev/local-api:test:integration: 
@breev/local-api:test:integration:  FAIL  test/migrate.integration.test.ts > standalone privileged database migrations
@breev/local-api:test:integration: Error: Could not find a working container runtime strategy
@breev/local-api:test:integration:  ❯ getContainerRuntimeClient ../../node_modules/.pnpm/testcontainers@12.1.0_supports-color@7.2.0/node_modules/testcontainers/build/container-runtime/clients/client.js:67:11
@breev/local-api:test:integration:  ❯ PostgreSqlContainer.start ../../node_modules/.pnpm/testcontainers@12.1.0_supports-color@7.2.0/node_modules/testcontainers/build/generic-container/generic-container.js:62:24
@breev/local-api:test:integration:  ❯ PostgreSqlContainer.start ../../node_modules/.pnpm/@testcontainers+postgresql@12.1.0_supports-color@7.2.0/node_modules/@testcontainers/postgresql/build/postgresql-container.js:119:47
@breev/local-api:test:integration:  ❯ test/migrate.integration.test.ts:37:16
@breev/local-api:test:integration:      35|
@breev/local-api:test:integration:      36|   beforeAll(async () => {
@breev/local-api:test:integration:      37|     postgres = await new PostgreSqlContainer(POSTGRES_IMAGE).start();
@breev/local-api:test:integration:        |                ^
@breev/local-api:test:integration:      38|     databaseRoles = await createSeparatedDatabaseRoles(postgres);
@breev/local-api:test:integration:      39|     temporaryRoot = await mkdtemp(
@breev/local-api:test:integration: 
@breev/local-api:test:integration: ⎯⎯⎯⎯⎯⎯⎯⎯⎯⎯⎯⎯⎯⎯⎯⎯⎯⎯⎯⎯⎯⎯⎯[2/21]⎯
@breev/local-api:test:integration: 
@breev/local-api:test:integration:  FAIL  test/recovery.integration.test.ts > Local recovery persistence seam
@breev/local-api:test:integration: Error: Could not find a working container runtime strategy
@breev/local-api:test:integration:  ❯ getContainerRuntimeClient ../../node_modules/.pnpm/testcontainers@12.1.0_supports-color@7.2.0/node_modules/testcontainers/build/container-runtime/clients/client.js:67:11
@breev/local-api:test:integration:  ❯ PostgreSqlContainer.start ../../node_modules/.pnpm/testcontainers@12.1.0_supports-color@7.2.0/node_modules/testcontainers/build/generic-container/generic-container.js:62:24
@breev/local-api:test:integration:  ❯ PostgreSqlContainer.start ../../node_modules/.pnpm/@testcontainers+postgresql@12.1.0_supports-color@7.2.0/node_modules/@testcontainers/postgresql/build/postgresql-container.js:119:47
@breev/local-api:test:integration:  ❯ test/recovery.integration.test.ts:70:16
@breev/local-api:test:integration:      68|     mkdirSync(backupOutputDir, { recursive: true });
@breev/local-api:test:integration:      69|
@breev/local-api:test:integration:      70|     postgres = await new PostgreSqlContainer(POSTGRES_IMAGE).start();
@breev/local-api:test:integration:        |                ^
@breev/local-api:test:integration:      71|     databaseRoles = await createSeparatedDatabaseRoles(postgres);
@breev/local-api:test:integration:      72|
@breev/local-api:test:integration: 
@breev/local-api:test:integration: ⎯⎯⎯⎯⎯⎯⎯⎯⎯⎯⎯⎯⎯⎯⎯⎯⎯⎯⎯⎯⎯⎯⎯[3/21]⎯
@breev/local-api:test:integration: 
@breev/local-api:test:integration:  FAIL  test/windows-service-boot.integration.test.ts > Windows service LAN listener seam
@breev/local-api:test:integration: Error: Could not find a working container runtime strategy
@breev/local-api:test:integration:  ❯ getContainerRuntimeClient ../../node_modules/.pnpm/testcontainers@12.1.0_supports-color@7.2.0/node_modules/testcontainers/build/container-runtime/clients/client.js:67:11
@breev/local-api:test:integration:  ❯ PostgreSqlContainer.start ../../node_modules/.pnpm/testcontainers@12.1.0_supports-color@7.2.0/node_modules/testcontainers/build/generic-container/generic-container.js:62:24
@breev/local-api:test:integration:  ❯ PostgreSqlContainer.start ../../node_modules/.pnpm/@testcontainers+postgresql@12.1.0_supports-color@7.2.0/node_modules/@testcontainers/postgresql/build/postgresql-container.js:119:47
@breev/local-api:test:integration:  ❯ test/windows-service-boot.integration.test.ts:33:16
@breev/local-api:test:integration:      31|
@breev/local-api:test:integration:      32|   beforeAll(async () => {
@breev/local-api:test:integration:      33|     postgres = await new PostgreSqlContainer(POSTGRES_IMAGE).start();
@breev/local-api:test:integration:        |                ^
@breev/local-api:test:integration:      34|     databaseRoles = await createSeparatedDatabaseRoles(postgres);
@breev/local-api:test:integration:      35|   }, 120_000);
@breev/local-api:test:integration: 
@breev/local-api:test:integration: ⎯⎯⎯⎯⎯⎯⎯⎯⎯⎯⎯⎯⎯⎯⎯⎯⎯⎯⎯⎯⎯⎯⎯[4/21]⎯
@breev/local-api:test:integration: 
@breev/local-api:test:integration:  FAIL  src/catalog/catalog-authorization.integration.test.ts > Catalog Additional POS entitlement boundary
@breev/local-api:test:integration: PharmacyCaKeyStoreError: The pharmacy CA key could not be created in Windows machine key storage.
@breev/local-api:test:integration:  ❯ PharmacyCaService.initializeCA src/pharmacy-ca/pharmacy-ca.service.ts:111:15
@breev/local-api:test:integration:     109|         });
@breev/local-api:test:integration:     110|       } catch (error) {
@breev/local-api:test:integration:     111|         throw new PharmacyCaKeyStoreError(
@breev/local-api:test:integration:        |               ^
@breev/local-api:test:integration:     112|           "The pharmacy CA key could not be created in Windows machine…
@breev/local-api:test:integration:     113|           installationId,
@breev/local-api:test:integration:  ❯ Module.createLanMtlsServer src/pharmacy-ca/lan-mtls-server.ts:38:3
@breev/local-api:test:integration:  ❯ src/catalog/catalog-authorization.integration.test.ts:727:17
@breev/local-api:test:integration: 
@breev/local-api:test:integration: Caused by: Error: Command failed: powershell -NoProfile -NonInteractive -Command 
@breev/local-api:test:integration:     $ErrorActionPreference = 'Stop'
@breev/local-api:test:integration:     $params = New-Object System.Security.Cryptography.CngKeyCreationParameters
@breev/local-api:test:integration:     $params.ExportPolicy = [System.Security.Cryptography.CngExportPolicies]::None
@breev/local-api:test:integration:     $params.KeyCreationOptions = [System.Security.Cryptography.CngKeyCreationOptions]::MachineKey
@breev/local-api:test:integration:     $params.Provider = [System.Security.Cryptography.CngProvider]::new('Microsoft Software Key Storage Provider')
@breev/local-api:test:integration:     $prop = New-Object System.Security.Cryptography.CngProperty('Length', [BitConverter]::GetBytes([int]2048), [System.Security.Cryptography.CngPropertyOptions]::None)
@breev/local-api:test:integration:     $params.Parameters.Add($prop)
@breev/local-api:test:integration:     $sid = [System.Security.Principal.WindowsIdentity]::GetCurrent().User.Value
@breev/local-api:test:integration:     $descriptor = New-Object System.Security.AccessControl.RawSecurityDescriptor("D:P(A;;GA;;;" + $sid + ")")
@breev/local-api:test:integration:     $descriptorBytes = New-Object byte[] $descriptor.BinaryLength
@breev/local-api:test:integration:     $descriptor.GetBinaryForm($descriptorBytes, 0)
@breev/local-api:test:integration:     $securityProperty = New-Object System.Security.Cryptography.CngProperty('Security Descr', $descriptorBytes, [System.Security.Cryptography.CngPropertyOptions]4)
@breev/local-api:test:integration:     $params.Parameters.Add($securityProperty)
@breev/local-api:test:integration:     $key = [System.Security.Cryptography.CngKey]::Create([System.Security.Cryptography.CngAlgorithm]::Rsa, 'breev-pharmacy-ca-01a0f7c5-afb0-735b-9298-f389f2661cdf', $params)
@breev/local-api:test:integration:     $rsa = New-Object System.Security.Cryptography.RSACng($key)
@breev/local-api:test:integration:     $p = $rsa.ExportParameters($false)
@breev/local-api:test:integration:     $mod = [Convert]::ToBase64String($p.Modulus)
@breev/local-api:test:integration:     $exp = [Convert]::ToBase64String($p.Exponent)
@breev/local-api:test:integration:     $rsa.Dispose()
@breev/local-api:test:integration:     $key.Dispose()
@breev/local-api:test:integration:     Write-Output "$mod`n$exp`n$sid"
@breev/local-api:test:integration:   
@breev/local-api:test:integration: Exception calling "Create" with "3" argument(s): "Access denied.
@breev/local-api:test:integration: "
@breev/local-api:test:integration: At line:15 char:5
@breev/local-api:test:integration: +     $key = [System.Security.Cryptography.CngKey]::Create([System.Secu ...
@breev/local-api:test:integration: +     ~~~~~~~~~~~~~~~~~~~~~~~~~~~~~~~~~~~~~~~~~~~~~~~~~~~~~~~~~~~~~~~~~
@breev/local-api:test:integration:     + CategoryInfo          : NotSpecified: (:) [], ParentContainsErrorRecordException
@breev/local-api:test:integration:     + FullyQualifiedErrorId : CryptographicException
@breev/local-api:test:integration:  
@breev/local-api:test:integration: 
@breev/local-api:test:integration: ⎯⎯⎯⎯⎯⎯⎯⎯⎯⎯⎯⎯⎯⎯⎯⎯⎯⎯⎯⎯⎯⎯⎯⎯⎯⎯⎯⎯⎯⎯
@breev/local-api:test:integration: Serialized Error: { code: 1, killed: false, signal: null, cmd: 'powershell -NoProfile -NonInteractive -Command \n    $ErrorActionPreference = \'Stop\'\n    $params = New-Object System.Security.Cryptography.CngKeyCreationParameters\n    $params.ExportPolicy = [System.Security.Cryptography.CngExportPolicies]::None\n    $params.KeyCreationOptions = [System.Security.Cryptography.CngKeyCreationOptions]::MachineKey\n    $params.Provider = [System.Security.Cryptography.CngProvider]::new(\'Microsoft Software Key Storage Provider\')\n    $prop = New-Object System.Security.Cryptography.CngProperty(\'Length\', [BitConverter]::GetBytes([int]2048), [System.Security.Cryptography.CngPropertyOptions]::None)\n    $params.Parameters.Add($prop)\n    $sid = [System.Security.Principal.WindowsIdentity]::GetCurrent().User.Value\n    $descriptor = New-Object System.Security.AccessControl.RawSecurityDescriptor("D:P(A;;GA;;;" + $sid + ")")\n    $descriptorBytes = New-Object byte[] $descriptor.BinaryLength\n    $descriptor.GetBinaryForm($descriptorBytes, 0)\n    $securityProperty = New-Object System.Security.Cryptography.CngProperty(\'Security Descr\', $descriptorBytes, [System.Security.Cryptography.CngPropertyOptions]4)\n    $params.Parameters.Add($securityProperty)\n    $key = [System.Security.Cryptography.CngKey]::Create([System.Security.Cryptography.CngAlgorithm]::Rsa, \'breev-pharmacy-ca-01a0f7c5-afb0-735b-9298-f389f2661cdf\', $params)\n    $rsa = New-Object System.Security.Cryptography.RSACng($key)\n    $p = $rsa.ExportParameters($false)\n    $mod = [Convert]::ToBase64String($p.Modulus)\n    $exp = [Convert]::ToBase64String($p.Exponent)\n    $rsa.Dispose()\n    $key.Dispose()\n    Write-Output "$mod`n$exp`n$sid"\n  ' }
@breev/local-api:test:integration: ⎯⎯⎯⎯⎯⎯⎯⎯⎯⎯⎯⎯⎯⎯⎯⎯⎯⎯⎯⎯⎯⎯⎯[5/21]⎯
@breev/local-api:test:integration: 
@breev/local-api:test:integration:  FAIL  src/catalog/catalog-packaging-migration.integration.test.ts > Catalog packaging and pricing forward migration
@breev/local-api:test:integration: Error: Could not find a working container runtime strategy
@breev/local-api:test:integration:  ❯ getContainerRuntimeClient ../../node_modules/.pnpm/testcontainers@12.1.0_supports-color@7.2.0/node_modules/testcontainers/build/container-runtime/clients/client.js:67:11
@breev/local-api:test:integration:  ❯ PostgreSqlContainer.start ../../node_modules/.pnpm/testcontainers@12.1.0_supports-color@7.2.0/node_modules/testcontainers/build/generic-container/generic-container.js:62:24
@breev/local-api:test:integration:  ❯ PostgreSqlContainer.start ../../node_modules/.pnpm/@testcontainers+postgresql@12.1.0_supports-color@7.2.0/node_modules/@testcontainers/postgresql/build/postgresql-container.js:119:47
@breev/local-api:test:integration:  ❯ src/catalog/catalog-packaging-migration.integration.test.ts:17:16
@breev/local-api:test:integration:      15|
@breev/local-api:test:integration:      16|   beforeAll(async () => {
@breev/local-api:test:integration:      17|     postgres = await new PostgreSqlContainer(POSTGRES_IMAGE).start();
@breev/local-api:test:integration:        |                ^
@breev/local-api:test:integration:      18|     pool = new Pool({ connectionString: postgres.getConnectionUri() });
@breev/local-api:test:integration:      19|   }, 120_000);
@breev/local-api:test:integration: 
@breev/local-api:test:integration: ⎯⎯⎯⎯⎯⎯⎯⎯⎯⎯⎯⎯⎯⎯⎯⎯⎯⎯⎯⎯⎯⎯⎯[6/21]⎯
@breev/local-api:test:integration: 
@breev/local-api:test:integration:  FAIL  src/devices/devices-ca.integration.test.ts > devices CA read-path seam
@breev/local-api:test:integration: Error: Could not find a working container runtime strategy
@breev/local-api:test:integration:  ❯ getContainerRuntimeClient ../../node_modules/.pnpm/testcontainers@12.1.0_supports-color@7.2.0/node_modules/testcontainers/build/container-runtime/clients/client.js:67:11
@breev/local-api:test:integration:  ❯ PostgreSqlContainer.start ../../node_modules/.pnpm/testcontainers@12.1.0_supports-color@7.2.0/node_modules/testcontainers/build/generic-container/generic-container.js:62:24
@breev/local-api:test:integration:  ❯ PostgreSqlContainer.start ../../node_modules/.pnpm/@testcontainers+postgresql@12.1.0_supports-color@7.2.0/node_modules/@testcontainers/postgresql/build/postgresql-container.js:119:47
@breev/local-api:test:integration:  ❯ src/devices/devices-ca.integration.test.ts:71:16
@breev/local-api:test:integration:      69|
@breev/local-api:test:integration:      70|   beforeAll(async () => {
@breev/local-api:test:integration:      71|     postgres = await new PostgreSqlContainer(POSTGRES_IMAGE).start();
@breev/local-api:test:integration:        |                ^
@breev/local-api:test:integration:      72|     databaseRoles = await createSeparatedDatabaseRoles(postgres);
@breev/local-api:test:integration:      73|     credentials = createMainDeviceCredentials();
@breev/local-api:test:integration: 
@breev/local-api:test:integration: ⎯⎯⎯⎯⎯⎯⎯⎯⎯⎯⎯⎯⎯⎯⎯⎯⎯⎯⎯⎯⎯⎯⎯[7/21]⎯
@breev/local-api:test:integration: 
@breev/local-api:test:integration:  FAIL  src/devices/devices.integration.test.ts > terminal pairing persistence seam
@breev/local-api:test:integration: Error: Could not find a working container runtime strategy
@breev/local-api:test:integration:  ❯ getContainerRuntimeClient ../../node_modules/.pnpm/testcontainers@12.1.0_supports-color@7.2.0/node_modules/testcontainers/build/container-runtime/clients/client.js:67:11
@breev/local-api:test:integration:  ❯ PostgreSqlContainer.start ../../node_modules/.pnpm/testcontainers@12.1.0_supports-color@7.2.0/node_modules/testcontainers/build/generic-container/generic-container.js:62:24
@breev/local-api:test:integration:  ❯ PostgreSqlContainer.start ../../node_modules/.pnpm/@testcontainers+postgresql@12.1.0_supports-color@7.2.0/node_modules/@testcontainers/postgresql/build/postgresql-container.js:119:47
@breev/local-api:test:integration:  ❯ src/devices/devices.integration.test.ts:123:16
@breev/local-api:test:integration:     121|
@breev/local-api:test:integration:     122|   beforeAll(async () => {
@breev/local-api:test:integration:     123|     postgres = await new PostgreSqlContainer(POSTGRES_IMAGE).start();
@breev/local-api:test:integration:        |                ^
@breev/local-api:test:integration:     124|     databaseRoles = await createSeparatedDatabaseRoles(postgres);
@breev/local-api:test:integration:     125|     deviceSecret = randomBytes(32).toString("base64url");
@breev/local-api:test:integration: 
@breev/local-api:test:integration: ⎯⎯⎯⎯⎯⎯⎯⎯⎯⎯⎯⎯⎯⎯⎯⎯⎯⎯⎯⎯⎯⎯⎯[8/21]⎯
@breev/local-api:test:integration: 
@breev/local-api:test:integration:  FAIL  src/durable-jobs/durable-jobs.integration.test.ts > DurableJobsService integration & resilience proof
@breev/local-api:test:integration: Error: Could not find a working container runtime strategy
@breev/local-api:test:integration:  ❯ getContainerRuntimeClient ../../node_modules/.pnpm/testcontainers@12.1.0_supports-color@7.2.0/node_modules/testcontainers/build/container-runtime/clients/client.js:67:11
@breev/local-api:test:integration:  ❯ PostgreSqlContainer.start ../../node_modules/.pnpm/testcontainers@12.1.0_supports-color@7.2.0/node_modules/testcontainers/build/generic-container/generic-container.js:62:24
@breev/local-api:test:integration:  ❯ PostgreSqlContainer.start ../../node_modules/.pnpm/@testcontainers+postgresql@12.1.0_supports-color@7.2.0/node_modules/@testcontainers/postgresql/build/postgresql-container.js:119:47
@breev/local-api:test:integration:  ❯ src/durable-jobs/durable-jobs.integration.test.ts:39:16
@breev/local-api:test:integration:      37|   beforeAll(async () => {
@breev/local-api:test:integration:      38|     originalEnv = { ...process.env };
@breev/local-api:test:integration:      39|     postgres = await new PostgreSqlContainer(POSTGRES_IMAGE).start();
@breev/local-api:test:integration:        |                ^
@breev/local-api:test:integration:      40|     databaseRoles = await createSeparatedDatabaseRoles(postgres);
@breev/local-api:test:integration:      41|
@breev/local-api:test:integration: 
@breev/local-api:test:integration: ⎯⎯⎯⎯⎯⎯⎯⎯⎯⎯⎯⎯⎯⎯⎯⎯⎯⎯⎯⎯⎯⎯⎯[9/21]⎯
@breev/local-api:test:integration: 
@breev/local-api:test:integration:  FAIL  src/identity-access/settings-crash.integration.test.ts > pharmacy settings post-commit crash battery
@breev/local-api:test:integration: Error: Could not find a working container runtime strategy
@breev/local-api:test:integration:  ❯ getContainerRuntimeClient ../../node_modules/.pnpm/testcontainers@12.1.0_supports-color@7.2.0/node_modules/testcontainers/build/container-runtime/clients/client.js:67:11
@breev/local-api:test:integration:  ❯ PostgreSqlContainer.start ../../node_modules/.pnpm/testcontainers@12.1.0_supports-color@7.2.0/node_modules/testcontainers/build/generic-container/generic-container.js:62:24
@breev/local-api:test:integration:  ❯ PostgreSqlContainer.start ../../node_modules/.pnpm/@testcontainers+postgresql@12.1.0_supports-color@7.2.0/node_modules/@testcontainers/postgresql/build/postgresql-container.js:119:47
@breev/local-api:test:integration:  ❯ src/identity-access/settings-crash.integration.test.ts:149:16
@breev/local-api:test:integration:     147|   beforeAll(async () => {
@breev/local-api:test:integration:     148|     originalEnvironment = { ...process.env };
@breev/local-api:test:integration:     149|     postgres = await new PostgreSqlContainer(POSTGRES_IMAGE).start();
@breev/local-api:test:integration:        |                ^
@breev/local-api:test:integration:     150|     databaseRoles = await createSeparatedDatabaseRoles(postgres);
@breev/local-api:test:integration:     151|     credentials = createMainDeviceCredentials();
@breev/local-api:test:integration: 
@breev/local-api:test:integration: ⎯⎯⎯⎯⎯⎯⎯⎯⎯⎯⎯⎯⎯⎯⎯⎯⎯⎯⎯⎯⎯⎯[10/21]⎯
@breev/local-api:test:integration: 
@breev/local-api:test:integration:  FAIL  src/identity-access/settings-posting.integration.test.ts > pharmacy settings posting pipeline
@breev/local-api:test:integration: Error: Could not find a working container runtime strategy
@breev/local-api:test:integration:  ❯ getContainerRuntimeClient ../../node_modules/.pnpm/testcontainers@12.1.0_supports-color@7.2.0/node_modules/testcontainers/build/container-runtime/clients/client.js:67:11
@breev/local-api:test:integration:  ❯ PostgreSqlContainer.start ../../node_modules/.pnpm/testcontainers@12.1.0_supports-color@7.2.0/node_modules/testcontainers/build/generic-container/generic-container.js:62:24
@breev/local-api:test:integration:  ❯ PostgreSqlContainer.start ../../node_modules/.pnpm/@testcontainers+postgresql@12.1.0_supports-color@7.2.0/node_modules/@testcontainers/postgresql/build/postgresql-container.js:119:47
@breev/local-api:test:integration:  ❯ src/identity-access/settings-posting.integration.test.ts:97:16
@breev/local-api:test:integration:      95|
@breev/local-api:test:integration:      96|   beforeAll(async () => {
@breev/local-api:test:integration:      97|     postgres = await new PostgreSqlContainer(POSTGRES_IMAGE).start();
@breev/local-api:test:integration:        |                ^
@breev/local-api:test:integration:      98|     databaseRoles = await createSeparatedDatabaseRoles(postgres);
@breev/local-api:test:integration:      99|     credentials = createMainDeviceCredentials();
@breev/local-api:test:integration: 
@breev/local-api:test:integration: ⎯⎯⎯⎯⎯⎯⎯⎯⎯⎯⎯⎯⎯⎯⎯⎯⎯⎯⎯⎯⎯⎯[11/21]⎯
@breev/local-api:test:integration: 
@breev/local-api:test:integration:  FAIL  src/inventory/inventory-reorder-authorization.integration.test.ts > Inventory reorder POS entitlement boundary
@breev/local-api:test:integration: PharmacyCaKeyStoreError: The pharmacy CA key could not be created in Windows machine key storage.
@breev/local-api:test:integration:  ❯ PharmacyCaService.initializeCA src/pharmacy-ca/pharmacy-ca.service.ts:111:15
@breev/local-api:test:integration:     109|         });
@breev/local-api:test:integration:     110|       } catch (error) {
@breev/local-api:test:integration:     111|         throw new PharmacyCaKeyStoreError(
@breev/local-api:test:integration:        |               ^
@breev/local-api:test:integration:     112|           "The pharmacy CA key could not be created in Windows machine…
@breev/local-api:test:integration:     113|           installationId,
@breev/local-api:test:integration:  ❯ Module.createLanMtlsServer src/pharmacy-ca/lan-mtls-server.ts:38:3
@breev/local-api:test:integration:  ❯ src/inventory/inventory-reorder-authorization.integration.test.ts:840:17
@breev/local-api:test:integration: 
@breev/local-api:test:integration: Caused by: Error: Command failed: powershell -NoProfile -NonInteractive -Command 
@breev/local-api:test:integration:     $ErrorActionPreference = 'Stop'
@breev/local-api:test:integration:     $params = New-Object System.Security.Cryptography.CngKeyCreationParameters
@breev/local-api:test:integration:     $params.ExportPolicy = [System.Security.Cryptography.CngExportPolicies]::None
@breev/local-api:test:integration:     $params.KeyCreationOptions = [System.Security.Cryptography.CngKeyCreationOptions]::MachineKey
@breev/local-api:test:integration:     $params.Provider = [System.Security.Cryptography.CngProvider]::new('Microsoft Software Key Storage Provider')
@breev/local-api:test:integration:     $prop = New-Object System.Security.Cryptography.CngProperty('Length', [BitConverter]::GetBytes([int]2048), [System.Security.Cryptography.CngPropertyOptions]::None)
@breev/local-api:test:integration:     $params.Parameters.Add($prop)
@breev/local-api:test:integration:     $sid = [System.Security.Principal.WindowsIdentity]::GetCurrent().User.Value
@breev/local-api:test:integration:     $descriptor = New-Object System.Security.AccessControl.RawSecurityDescriptor("D:P(A;;GA;;;" + $sid + ")")
@breev/local-api:test:integration:     $descriptorBytes = New-Object byte[] $descriptor.BinaryLength
@breev/local-api:test:integration:     $descriptor.GetBinaryForm($descriptorBytes, 0)
@breev/local-api:test:integration:     $securityProperty = New-Object System.Security.Cryptography.CngProperty('Security Descr', $descriptorBytes, [System.Security.Cryptography.CngPropertyOptions]4)
@breev/local-api:test:integration:     $params.Parameters.Add($securityProperty)
@breev/local-api:test:integration:     $key = [System.Security.Cryptography.CngKey]::Create([System.Security.Cryptography.CngAlgorithm]::Rsa, 'breev-pharmacy-ca-01a0f7c5-7e99-7595-b1d5-c5d411fed6fe', $params)
@breev/local-api:test:integration:     $rsa = New-Object System.Security.Cryptography.RSACng($key)
@breev/local-api:test:integration:     $p = $rsa.ExportParameters($false)
@breev/local-api:test:integration:     $mod = [Convert]::ToBase64String($p.Modulus)
@breev/local-api:test:integration:     $exp = [Convert]::ToBase64String($p.Exponent)
@breev/local-api:test:integration:     $rsa.Dispose()
@breev/local-api:test:integration:     $key.Dispose()
@breev/local-api:test:integration:     Write-Output "$mod`n$exp`n$sid"
@breev/local-api:test:integration:   
@breev/local-api:test:integration: Exception calling "Create" with "3" argument(s): "Access denied.
@breev/local-api:test:integration: "
@breev/local-api:test:integration: At line:15 char:5
@breev/local-api:test:integration: +     $key = [System.Security.Cryptography.CngKey]::Create([System.Secu ...
@breev/local-api:test:integration: +     ~~~~~~~~~~~~~~~~~~~~~~~~~~~~~~~~~~~~~~~~~~~~~~~~~~~~~~~~~~~~~~~~~
@breev/local-api:test:integration:     + CategoryInfo          : NotSpecified: (:) [], ParentContainsErrorRecordException
@breev/local-api:test:integration:     + FullyQualifiedErrorId : CryptographicException
@breev/local-api:test:integration:  
@breev/local-api:test:integration: 
@breev/local-api:test:integration: ⎯⎯⎯⎯⎯⎯⎯⎯⎯⎯⎯⎯⎯⎯⎯⎯⎯⎯⎯⎯⎯⎯⎯⎯⎯⎯⎯⎯⎯⎯
@breev/local-api:test:integration: Serialized Error: { code: 1, killed: false, signal: null, cmd: 'powershell -NoProfile -NonInteractive -Command \n    $ErrorActionPreference = \'Stop\'\n    $params = New-Object System.Security.Cryptography.CngKeyCreationParameters\n    $params.ExportPolicy = [System.Security.Cryptography.CngExportPolicies]::None\n    $params.KeyCreationOptions = [System.Security.Cryptography.CngKeyCreationOptions]::MachineKey\n    $params.Provider = [System.Security.Cryptography.CngProvider]::new(\'Microsoft Software Key Storage Provider\')\n    $prop = New-Object System.Security.Cryptography.CngProperty(\'Length\', [BitConverter]::GetBytes([int]2048), [System.Security.Cryptography.CngPropertyOptions]::None)\n    $params.Parameters.Add($prop)\n    $sid = [System.Security.Principal.WindowsIdentity]::GetCurrent().User.Value\n    $descriptor = New-Object System.Security.AccessControl.RawSecurityDescriptor("D:P(A;;GA;;;" + $sid + ")")\n    $descriptorBytes = New-Object byte[] $descriptor.BinaryLength\n    $descriptor.GetBinaryForm($descriptorBytes, 0)\n    $securityProperty = New-Object System.Security.Cryptography.CngProperty(\'Security Descr\', $descriptorBytes, [System.Security.Cryptography.CngPropertyOptions]4)\n    $params.Parameters.Add($securityProperty)\n    $key = [System.Security.Cryptography.CngKey]::Create([System.Security.Cryptography.CngAlgorithm]::Rsa, \'breev-pharmacy-ca-01a0f7c5-7e99-7595-b1d5-c5d411fed6fe\', $params)\n    $rsa = New-Object System.Security.Cryptography.RSACng($key)\n    $p = $rsa.ExportParameters($false)\n    $mod = [Convert]::ToBase64String($p.Modulus)\n    $exp = [Convert]::ToBase64String($p.Exponent)\n    $rsa.Dispose()\n    $key.Dispose()\n    Write-Output "$mod`n$exp`n$sid"\n  ' }
@breev/local-api:test:integration: ⎯⎯⎯⎯⎯⎯⎯⎯⎯⎯⎯⎯⎯⎯⎯⎯⎯⎯⎯⎯⎯⎯[12/21]⎯
@breev/local-api:test:integration: 
@breev/local-api:test:integration:  FAIL  src/licensing/licensing.integration.test.ts > licensing PostgreSQL seam
@breev/local-api:test:integration: Error: Could not find a working container runtime strategy
@breev/local-api:test:integration:  ❯ getContainerRuntimeClient ../../node_modules/.pnpm/testcontainers@12.1.0_supports-color@7.2.0/node_modules/testcontainers/build/container-runtime/clients/client.js:67:11
@breev/local-api:test:integration:  ❯ PostgreSqlContainer.start ../../node_modules/.pnpm/testcontainers@12.1.0_supports-color@7.2.0/node_modules/testcontainers/build/generic-container/generic-container.js:62:24
@breev/local-api:test:integration:  ❯ PostgreSqlContainer.start ../../node_modules/.pnpm/@testcontainers+postgresql@12.1.0_supports-color@7.2.0/node_modules/@testcontainers/postgresql/build/postgresql-container.js:119:47
@breev/local-api:test:integration:  ❯ src/licensing/licensing.integration.test.ts:59:16
@breev/local-api:test:integration:      57|
@breev/local-api:test:integration:      58|   beforeAll(async () => {
@breev/local-api:test:integration:      59|     postgres = await new PostgreSqlContainer(POSTGRES_IMAGE).start();
@breev/local-api:test:integration:        |                ^
@breev/local-api:test:integration:      60|     databaseRoles = await createSeparatedDatabaseRoles(postgres);
@breev/local-api:test:integration:      61|     process.env.DATABASE_URL = databaseRoles.applicationUrl;
@breev/local-api:test:integration: 
@breev/local-api:test:integration: ⎯⎯⎯⎯⎯⎯⎯⎯⎯⎯⎯⎯⎯⎯⎯⎯⎯⎯⎯⎯⎯⎯[13/21]⎯
@breev/local-api:test:integration: 
@breev/local-api:test:integration:  FAIL  src/main-device/main-device-security.integration.test.ts > Main device security persistence seam
@breev/local-api:test:integration: Error: Could not find a working container runtime strategy
@breev/local-api:test:integration:  ❯ getContainerRuntimeClient ../../node_modules/.pnpm/testcontainers@12.1.0_supports-color@7.2.0/node_modules/testcontainers/build/container-runtime/clients/client.js:67:11
@breev/local-api:test:integration:  ❯ PostgreSqlContainer.start ../../node_modules/.pnpm/testcontainers@12.1.0_supports-color@7.2.0/node_modules/testcontainers/build/generic-container/generic-container.js:62:24
@breev/local-api:test:integration:  ❯ PostgreSqlContainer.start ../../node_modules/.pnpm/@testcontainers+postgresql@12.1.0_supports-color@7.2.0/node_modules/@testcontainers/postgresql/build/postgresql-container.js:119:47
@breev/local-api:test:integration:  ❯ src/main-device/main-device-security.integration.test.ts:66:16
@breev/local-api:test:integration:      64|
@breev/local-api:test:integration:      65|   beforeAll(async () => {
@breev/local-api:test:integration:      66|     postgres = await new PostgreSqlContainer(POSTGRES_IMAGE).start();
@breev/local-api:test:integration:        |                ^
@breev/local-api:test:integration:      67|     databaseRoles = await createSeparatedDatabaseRoles(postgres);
@breev/local-api:test:integration:      68|     credentials = createMainDeviceCredentials();
@breev/local-api:test:integration: 
@breev/local-api:test:integration: ⎯⎯⎯⎯⎯⎯⎯⎯⎯⎯⎯⎯⎯⎯⎯⎯⎯⎯⎯⎯⎯⎯[14/21]⎯
@breev/local-api:test:integration: 
@breev/local-api:test:integration:  FAIL  src/pharmacy-ca/pharmacy-ca.integration.test.ts > Pharmacy CA and Terminal mTLS Integration Seam
@breev/local-api:test:integration: Error: Could not find a working container runtime strategy
@breev/local-api:test:integration:  ❯ getContainerRuntimeClient ../../node_modules/.pnpm/testcontainers@12.1.0_supports-color@7.2.0/node_modules/testcontainers/build/container-runtime/clients/client.js:67:11
@breev/local-api:test:integration:  ❯ PostgreSqlContainer.start ../../node_modules/.pnpm/testcontainers@12.1.0_supports-color@7.2.0/node_modules/testcontainers/build/generic-container/generic-container.js:62:24
@breev/local-api:test:integration:  ❯ PostgreSqlContainer.start ../../node_modules/.pnpm/@testcontainers+postgresql@12.1.0_supports-color@7.2.0/node_modules/@testcontainers/postgresql/build/postgresql-container.js:119:47
@breev/local-api:test:integration:  ❯ src/pharmacy-ca/pharmacy-ca.integration.test.ts:74:16
@breev/local-api:test:integration:      72|
@breev/local-api:test:integration:      73|   beforeAll(async () => {
@breev/local-api:test:integration:      74|     postgres = await new PostgreSqlContainer(POSTGRES_IMAGE).start();
@breev/local-api:test:integration:        |                ^
@breev/local-api:test:integration:      75|     databaseRoles = await createSeparatedDatabaseRoles(postgres);
@breev/local-api:test:integration:      76|
@breev/local-api:test:integration: 
@breev/local-api:test:integration: ⎯⎯⎯⎯⎯⎯⎯⎯⎯⎯⎯⎯⎯⎯⎯⎯⎯⎯⎯⎯⎯⎯[15/21]⎯
@breev/local-api:test:integration: 
@breev/local-api:test:integration:  FAIL  src/posting/posting-infrastructure.integration.test.ts > posting infrastructure PostgreSQL seam
@breev/local-api:test:integration: Error: Could not find a working container runtime strategy
@breev/local-api:test:integration:  ❯ getContainerRuntimeClient ../../node_modules/.pnpm/testcontainers@12.1.0_supports-color@7.2.0/node_modules/testcontainers/build/container-runtime/clients/client.js:67:11
@breev/local-api:test:integration:  ❯ PostgreSqlContainer.start ../../node_modules/.pnpm/testcontainers@12.1.0_supports-color@7.2.0/node_modules/testcontainers/build/generic-container/generic-container.js:62:24
@breev/local-api:test:integration:  ❯ PostgreSqlContainer.start ../../node_modules/.pnpm/@testcontainers+postgresql@12.1.0_supports-color@7.2.0/node_modules/@testcontainers/postgresql/build/postgresql-container.js:119:47
@breev/local-api:test:integration:  ❯ src/posting/posting-infrastructure.integration.test.ts:81:16
@breev/local-api:test:integration:      79|
@breev/local-api:test:integration:      80|   beforeAll(async () => {
@breev/local-api:test:integration:      81|     postgres = await new PostgreSqlContainer(POSTGRES_IMAGE).start();
@breev/local-api:test:integration:        |                ^
@breev/local-api:test:integration:      82|     databaseRoles = await createSeparatedDatabaseRoles(postgres);
@breev/local-api:test:integration:      83|     process.env.DATABASE_URL = databaseRoles.applicationUrl;
@breev/local-api:test:integration: 
@breev/local-api:test:integration: ⎯⎯⎯⎯⎯⎯⎯⎯⎯⎯⎯⎯⎯⎯⎯⎯⎯⎯⎯⎯⎯⎯[16/21]⎯
@breev/local-api:test:integration: 
@breev/local-api:test:integration: 
@breev/local-api:test:integration: ⎯⎯⎯⎯⎯⎯⎯ Failed Tests 5 ⎯⎯⎯⎯⎯⎯⎯
@breev/local-api:test:integration: 
@breev/local-api:test:integration:  FAIL  test/windows-boot.integration.test.ts > local API boot under the Windows service configuration > stays up and reports degraded against an unmigrated database
@breev/local-api:test:integration: Error: Could not find a working container runtime strategy
@breev/local-api:test:integration:  ❯ getContainerRuntimeClient ../../node_modules/.pnpm/testcontainers@12.1.0_supports-color@7.2.0/node_modules/testcontainers/build/container-runtime/clients/client.js:67:11
@breev/local-api:test:integration:  ❯ PostgreSqlContainer.start ../../node_modules/.pnpm/testcontainers@12.1.0_supports-color@7.2.0/node_modules/testcontainers/build/generic-container/generic-container.js:62:24
@breev/local-api:test:integration:  ❯ PostgreSqlContainer.start ../../node_modules/.pnpm/@testcontainers+postgresql@12.1.0_supports-color@7.2.0/node_modules/@testcontainers/postgresql/build/postgresql-container.js:119:47
@breev/local-api:test:integration:  ❯ test/windows-boot.integration.test.ts:63:20
@breev/local-api:test:integration:      61|       { timeout: 120_000 },
@breev/local-api:test:integration:      62|       async () => {
@breev/local-api:test:integration:      63|         postgres = await new PostgreSqlContainer(POSTGRES_IMAGE).start…
@breev/local-api:test:integration:        |                    ^
@breev/local-api:test:integration:      64|         const databaseRoles = await createSeparatedDatabaseRoles(postg…
@breev/local-api:test:integration:      65|         const { api, baseUrl, collectOutput } = await spawnWindowsStyl…
@breev/local-api:test:integration: 
@breev/local-api:test:integration: ⎯⎯⎯⎯⎯⎯⎯⎯⎯⎯⎯⎯⎯⎯⎯⎯⎯⎯⎯⎯⎯⎯[17/21]⎯
@breev/local-api:test:integration: 
@breev/local-api:test:integration:  FAIL  src/inventory/inventory-safety.integration.test.ts > inventory batch safety PostgreSQL seam > recovers the real queue across claim, date-commit, final-commit, and duplicate-delivery crashes
@breev/local-api:test:integration: AssertionError: expected null to be 'SIGKILL' // Object.is equality
@breev/local-api:test:integration: 
@breev/local-api:test:integration: - Expected:
@breev/local-api:test:integration: "SIGKILL"
@breev/local-api:test:integration: 
@breev/local-api:test:integration: + Received:
@breev/local-api:test:integration: null
@breev/local-api:test:integration: 
@breev/local-api:test:integration:  ❯ src/inventory/inventory-safety.integration.test.ts:531:56
@breev/local-api:test:integration:     529|             );
@breev/local-api:test:integration:     530|             expect(crashing.point).toBe(scenario.point);
@breev/local-api:test:integration:     531|             expect((await child.waitForExit()).signal).toBe("SIGKILL");
@breev/local-api:test:integration:        |                                                        ^
@breev/local-api:test:integration:     532|             await delay(3_000);
@breev/local-api:test:integration:     533|             await durableJobs.supervise(INVENTORY_BATCH_SAFETY_QUEUE);
@breev/local-api:test:integration: 
@breev/local-api:test:integration: ⎯⎯⎯⎯⎯⎯⎯⎯⎯⎯⎯⎯⎯⎯⎯⎯⎯⎯⎯⎯⎯⎯[18/21]⎯
@breev/local-api:test:integration: 
@breev/local-api:test:integration:  FAIL  src/purchasing/purchase-posting.integration.test.ts > Purchase posting PostgreSQL seam > T06 reconciles exact live balance, configured expiry, zero/missing values and frozen cost references
@breev/local-api:test:integration: AssertionError: expected null to be '12727' // Object.is equality
@breev/local-api:test:integration: 
@breev/local-api:test:integration: - Expected:
@breev/local-api:test:integration: "12727"
@breev/local-api:test:integration: 
@breev/local-api:test:integration: + Received:
@breev/local-api:test:integration: null
@breev/local-api:test:integration: 
@breev/local-api:test:integration:  ❯ src/purchasing/purchase-posting.integration.test.ts:4043:38
@breev/local-api:test:integration:     4041|     ]);
@breev/local-api:test:integration:     4042|     expect(live.inventory?.alerts).toContain("expired");
@breev/local-api:test:integration:     4043|     expect(live.averageUnitCostFils).toBe("12727");
@breev/local-api:test:integration:        |                                      ^
@breev/local-api:test:integration:     4044|     expect(live.lastPostedCost).toMatchObject({
@breev/local-api:test:integration:     4045|       purchaseId: postedIds[1],
@breev/local-api:test:integration: 
@breev/local-api:test:integration: ⎯⎯⎯⎯⎯⎯⎯⎯⎯⎯⎯⎯⎯⎯⎯⎯⎯⎯⎯⎯⎯⎯[19/21]⎯
@breev/local-api:test:integration: 
@breev/local-api:test:integration:  FAIL  src/purchasing/purchase-posting.integration.test.ts > Purchase posting PostgreSQL seam > T06 preserves stock when valuation reconciliation is unavailable and performs no inventory writes
@breev/local-api:test:integration: AssertionError: expected 'hidden-by-setting' to be 'visible' // Object.is equality
@breev/local-api:test:integration: 
@breev/local-api:test:integration: Expected: "visible"
@breev/local-api:test:integration: Received: "hidden-by-setting"
@breev/local-api:test:integration: 
@breev/local-api:test:integration:  ❯ src/purchasing/purchase-posting.integration.test.ts:4177:45
@breev/local-api:test:integration:     4175|           reconciliation: "mismatch",
@breev/local-api:test:integration:     4176|         });
@breev/local-api:test:integration:     4177|         expect(facts.averageCostVisibility).toBe("visible");
@breev/local-api:test:integration:        |                                             ^
@breev/local-api:test:integration:     4178|         expect(facts.averageUnitCostFils).toBeNull();
@breev/local-api:test:integration:     4179|         expect(await counts()).toEqual(before);
@breev/local-api:test:integration: 
@breev/local-api:test:integration: ⎯⎯⎯⎯⎯⎯⎯⎯⎯⎯⎯⎯⎯⎯⎯⎯⎯⎯⎯⎯⎯⎯[20/21]⎯
@breev/local-api:test:integration: 
@breev/local-api:test:integration:  FAIL  src/purchasing/purchase-posting.integration.test.ts > Purchase posting PostgreSQL seam > T06 redacts stock and costs independently by server permissions and settings
@breev/local-api:test:integration: AssertionError: expected { …(17) } to match object { …(5) }
@breev/local-api:test:integration: (20 matching properties omitted from actual)
@breev/local-api:test:integration: 
@breev/local-api:test:integration: - Expected
@breev/local-api:test:integration: + Received
@breev/local-api:test:integration: 
@breev/local-api:test:integration:   {
@breev/local-api:test:integration:     "averageCostVisibility": "hidden-by-setting",
@breev/local-api:test:integration:     "averageUnitCostFils": null,
@breev/local-api:test:integration:     "costVisibility": "hidden-by-setting",
@breev/local-api:test:integration:     "inventory": {
@breev/local-api:test:integration: -     "balance": "2",
@breev/local-api:test:integration: +     "balance": "93",
@breev/local-api:test:integration:     },
@breev/local-api:test:integration:     "lastPostedCost": null,
@breev/local-api:test:integration:   }
@breev/local-api:test:integration: 
@breev/local-api:test:integration:  ❯ src/purchasing/purchase-posting.integration.test.ts:4278:28
@breev/local-api:test:integration:     4276|     try {
@breev/local-api:test:integration:     4277|       await costSetting(false);
@breev/local-api:test:integration:     4278|       expect(await read()).toMatchObject({
@breev/local-api:test:integration:        |                            ^
@breev/local-api:test:integration:     4279|         costVisibility: "hidden-by-setting",
@breev/local-api:test:integration:     4280|         averageCostVisibility: "hidden-by-setting",
@breev/local-api:test:integration: 
@breev/local-api:test:integration: ⎯⎯⎯⎯⎯⎯⎯⎯⎯⎯⎯⎯⎯⎯⎯⎯⎯⎯⎯⎯⎯⎯[21/21]⎯
@breev/local-api:test:integration: 
@breev/local-api:test:integration: 
@breev/local-api:test:integration:  Test Files  19 failed | 20 passed (39)
@breev/local-api:test:integration:       Tests  5 failed | 163 passed | 169 skipped (337)
@breev/local-api:test:integration:    Start at  17:01:06
@breev/local-api:test:integration:    Duration  416.15s (transform 2.76s, setup 0ms, import 75.00s, tests 326.00s, environment 6ms)
@breev/local-api:test:integration: 
@breev/local-api:test:integration: [ELIFECYCLE] Command failed with exit code 1.
@breev/local-api#test:integration:  ERROR  command (P:\Projects\PharmaElectrons\apps\local-api) C:\Users\moata\AppData\Roaming\npm\pnpm.cmd run test:integration exited (1)

 Tasks:    2 successful, 3 total
Cached:    0 cached, 3 total
  Time:    7m51.706s 
Failed:    @breev/local-api#test:integration

 ERROR  run failed: command  exited (1)
[ELIFECYCLE] Command failed with exit code 1.
