
Running 10 tests using 1 worker



(node:3988) Warning: The 'NO_COLOR' env is ignored due to the 'FORCE_COLOR' env being set.
(Use `node.EXE --trace-warnings ...` to show where the warning was created)
[1/10] test\acceptance\milestone-2.acceptance.test.ts:270:5 › milestone 2 acceptance · en · light › clause 1 — defines an item and finds it by smart search
[2/10] test\acceptance\milestone-2.acceptance.test.ts:453:5 › milestone 2 acceptance · en · light › clause 2 — saves a supplier invoice with cost and price per pricing mode
[3/10] test\acceptance\milestone-2.acceptance.test.ts:586:5 › milestone 2 acceptance · en · light › margin scenario — 80 at 20% is 100, and rounding applies only when enabled
[4/10] test\acceptance\milestone-2.acceptance.test.ts:710:5 › milestone 2 acceptance · en · light › clause 3 — an adjustment records only the difference, and a return is separate
[5/10] test\acceptance\milestone-2.acceptance.test.ts:878:5 › milestone 2 acceptance · en · light › clause 4 — quantities, batches and expiry in inventory, stocktaking and the basket
[6/10] test\acceptance\milestone-2.acceptance.test.ts:998:5 › milestone 2 acceptance · en · light › reorder from sales — the draft is byte-identical before and after
  1) test\acceptance\milestone-2.acceptance.test.ts:998:5 › milestone 2 acceptance · en · light › reorder from sales — the draft is byte-identical before and after 

    Error: expect(received).toEqual(expected) // deep equality

    - Expected  - 1
    + Received  + 3

    - Array []
    + Array [
    +   "scrollable-region-focusable",
    + ]

      2586 |         .setLegacyMode(true)
      2587 |         .analyze();
    > 2588 |       expect(results.violations.map((violation) => violation.id)).toEqual([]);
           |                                                                   ^
      2589 |       return `${results.passes.length} axe checks passed, 0 violations`;
      2590 |     },
      2591 |   );
        at P:\Projects\PharmaElectrons\apps\desktop\test\acceptance\milestone-2.acceptance.test.ts:2588:67
        at Take.step (P:\Projects\PharmaElectrons\apps\desktop\test\acceptance\transcript.ts:112:24)
        at scanAccessibility (P:\Projects\PharmaElectrons\apps\desktop\test\acceptance\milestone-2.acceptance.test.ts:2576:3)
        at P:\Projects\PharmaElectrons\apps\desktop\test\acceptance\milestone-2.acceptance.test.ts:1086:11
        at runRecord (P:\Projects\PharmaElectrons\apps\desktop\test\acceptance\transcript.ts:175:5)
        at P:\Projects\PharmaElectrons\apps\desktop\test\acceptance\milestone-2.acceptance.test.ts:999:7

    Error Context: ..\..\test-results\desktop-acceptance\milestone-2.acceptance-mil-b9359--identical-before-and-after\error-context.md

    Error Context: ..\..\test-results\desktop-acceptance\milestone-2.acceptance-mil-b9359--identical-before-and-after\error-context.md


[7/10] test\acceptance\milestone-2.acceptance.test.ts:1091:5 › milestone 2 acceptance · en · light › bilingual pass — direction, theme and keyboard operation
[8/10] test\acceptance\milestone-2.acceptance.test.ts:1162:5 › milestone 2 acceptance · en · light › adjustment scenario — 4 to 8 posts exactly +4, unchanged lines are silent, invalid Delta blocked
[9/10] test\acceptance\milestone-2.acceptance.test.ts:1383:5 › milestone 2 acceptance · en · light › scope — the item-details panel in purchasing
[10/10] test\acceptance\milestone-2.acceptance.test.ts:1606:5 › milestone 2 acceptance · en · light › units scenario — one pack is four strips and a stocktake of 2 packs + 1 strip is 9
  1 failed
    test\acceptance\milestone-2.acceptance.test.ts:998:5 › milestone 2 acceptance · en · light › reorder from sales — the draft is byte-identical before and after 
  4 did not run
  5 passed (34.8s)
undefined
P:\Projects\PharmaElectrons\apps\desktop:
[ERR_PNPM_RECURSIVE_EXEC_FIRST_FAIL] Command failed with exit code 1: playwright test --config playwright.acceptance.config.ts -g "milestone 2 acceptance · en · light"
