
Running 1 test using 1 worker



(node:11900) Warning: The 'NO_COLOR' env is ignored due to the 'FORCE_COLOR' env being set.
(Use `node.EXE --trace-warnings ...` to show where the warning was created)
[1/1] test\acceptance\milestone-2.acceptance.test.ts:712:5 › milestone 2 acceptance · en · light › clause 3 — an adjustment records only the difference, and a return is separate
test\acceptance\milestone-2.acceptance.test.ts:712:5 › milestone 2 acceptance · en · light › clause 3 — an adjustment records only the difference, and a return is separate
Delta fact placement 0 {
  x: 218.40000915527344,
  y: 403.8000183105469,
  width: 49.15000915527344,
  height: 53.5999755859375
}

  1) test\acceptance\milestone-2.acceptance.test.ts:712:5 › milestone 2 acceptance · en · light › clause 3 — an adjustment records only the difference, and a return is separate 

    Error: expect(locator).toBeInViewport() failed

    Locator:  locator('.delta-summary-dialog').locator('.delta-summary-table:not([data-adjustment-totals]):not(.adjustment-header-comparison) tbody > tr').first().locator('bdi, span:not(.visually-hidden)').first()
    Expected: in viewport
    Received: viewport ratio 0.9969682693481445
    Timeout:  10000ms

    Call log:
      - Expect "toBeInViewport" with timeout 10000ms
      - waiting for locator('.delta-summary-dialog').locator('.delta-summary-table:not([data-adjustment-totals]):not(.adjustment-header-comparison) tbody > tr').first().locator('bdi, span:not(.visually-hidden)').first()
        23 × locator resolved to <span>Adjusted Line Item</span>
           - unexpected value "viewport ratio 0.9969682693481445"


      2326 |   // window is not a subject a person can read, and the default ratio would
      2327 |   // call that "in viewport".
    > 2328 |   await expect(subject).toBeInViewport({ ratio: 1 });
           |                         ^
      2329 | }
      2330 |
      2331 | /**
        at expectOnScreen (P:\Projects\PharmaElectrons\apps\desktop\test\acceptance\milestone-2.acceptance.test.ts:2328:25)
        at P:\Projects\PharmaElectrons\apps\desktop\test\acceptance\milestone-2.acceptance.test.ts:765:17
        at Take.step (P:\Projects\PharmaElectrons\apps\desktop\test\acceptance\transcript.ts:112:24)
        at P:\Projects\PharmaElectrons\apps\desktop\test\acceptance\milestone-2.acceptance.test.ts:733:11
        at runRecord (P:\Projects\PharmaElectrons\apps\desktop\test\acceptance\transcript.ts:175:5)
        at P:\Projects\PharmaElectrons\apps\desktop\test\acceptance\milestone-2.acceptance.test.ts:713:7

    Error Context: ..\..\test-results\desktop-acceptance\milestone-2.acceptance-mil-f7dd3-ce-and-a-return-is-separate\error-context.md

    Error Context: ..\..\test-results\desktop-acceptance\milestone-2.acceptance-mil-f7dd3-ce-and-a-return-is-separate\error-context.md


  1 failed
    test\acceptance\milestone-2.acceptance.test.ts:712:5 › milestone 2 acceptance · en · light › clause 3 — an adjustment records only the difference, and a return is separate 
undefined
P:\Projects\PharmaElectrons\apps\desktop:
[ERR_PNPM_RECURSIVE_EXEC_FIRST_FAIL] Command failed with exit code 1: playwright test --config playwright.acceptance.config.ts -g "milestone 2 acceptance · en · light.*clause 3"
