
Running 16 tests using 1 worker



(node:17604) Warning: The 'NO_COLOR' env is ignored due to the 'FORCE_COLOR' env being set.
(Use `node.EXE --trace-warnings ...` to show where the warning was created)
[1/16] test\acceptance\milestone-2.acceptance.test.ts:710:5 › milestone 2 acceptance · en · light › clause 3 — an adjustment records only the difference, and a return is separate
[2/16] test\acceptance\milestone-2.acceptance.test.ts:1162:5 › milestone 2 acceptance · en · light › adjustment scenario — 4 to 8 posts exactly +4, unchanged lines are silent, invalid Delta blocked
[3/16] test\acceptance\milestone-2.acceptance.test.ts:1388:5 › milestone 2 acceptance · en · light › scope — the item-details panel in purchasing
  1) test\acceptance\milestone-2.acceptance.test.ts:1388:5 › milestone 2 acceptance · en · light › scope — the item-details panel in purchasing 

    Error: expect(locator).toBeVisible() failed

    Locator:  locator('#purchase-header-form')
    Expected: visible
    Received: hidden
    Timeout:  10000ms

    Call log:
      - Expect "toBeVisible" with timeout 10000ms
      - waiting for locator('#purchase-header-form')
        23 × locator resolved to <form id="purchase-header-form" class="purchase-header-form">…</form>
           - unexpected value "hidden"


      2049 | ): Promise<"typed" | "value-api"> {
      2050 |   const form = page.locator("#purchase-header-form");
    > 2051 |   await expect(form).toBeVisible();
           |                      ^
      2052 |   // A draft left open by an earlier flow would be edited instead of a new one
      2053 |   // created, and its row entry would carry the previous item. Starting a fresh
      2054 |   // invoice first makes each flow independent of what ran before it; the row
        at saveInvoiceHeader (P:\Projects\PharmaElectrons\apps\desktop\test\acceptance\milestone-2.acceptance.test.ts:2051:22)
        at P:\Projects\PharmaElectrons\apps\desktop\test\acceptance\milestone-2.acceptance.test.ts:1416:23
        at Take.step (P:\Projects\PharmaElectrons\apps\desktop\test\acceptance\transcript.ts:112:24)
        at P:\Projects\PharmaElectrons\apps\desktop\test\acceptance\milestone-2.acceptance.test.ts:1409:11
        at runRecord (P:\Projects\PharmaElectrons\apps\desktop\test\acceptance\transcript.ts:175:5)
        at P:\Projects\PharmaElectrons\apps\desktop\test\acceptance\milestone-2.acceptance.test.ts:1389:7

    Error Context: ..\..\test-results\desktop-acceptance\milestone-2.acceptance-mil-a45a2-details-panel-in-purchasing\error-context.md

    Error Context: ..\..\test-results\desktop-acceptance\milestone-2.acceptance-mil-a45a2-details-panel-in-purchasing\error-context.md


[4/16] test\acceptance\milestone-2.acceptance.test.ts:1611:5 › milestone 2 acceptance · en · light › units scenario — one pack is four strips and a stocktake of 2 packs + 1 strip is 9

(node:23324) Warning: The 'NO_COLOR' env is ignored due to the 'FORCE_COLOR' env being set.
(Use `node.EXE --trace-warnings ...` to show where the warning was created)

[5/16] test\acceptance\milestone-2.acceptance.test.ts:710:5 › milestone 2 acceptance · en · dark › clause 3 — an adjustment records only the difference, and a return is separate
[6/16] test\acceptance\milestone-2.acceptance.test.ts:1162:5 › milestone 2 acceptance · en · dark › adjustment scenario — 4 to 8 posts exactly +4, unchanged lines are silent, invalid Delta blocked
[7/16] test\acceptance\milestone-2.acceptance.test.ts:1388:5 › milestone 2 acceptance · en · dark › scope — the item-details panel in purchasing
  2) test\acceptance\milestone-2.acceptance.test.ts:1388:5 › milestone 2 acceptance · en · dark › scope — the item-details panel in purchasing 

    Error: expect(locator).toBeVisible() failed

    Locator:  locator('#purchase-header-form')
    Expected: visible
    Received: hidden
    Timeout:  10000ms

    Call log:
      - Expect "toBeVisible" with timeout 10000ms
      - waiting for locator('#purchase-header-form')
        23 × locator resolved to <form id="purchase-header-form" class="purchase-header-form">…</form>
           - unexpected value "hidden"


      2049 | ): Promise<"typed" | "value-api"> {
      2050 |   const form = page.locator("#purchase-header-form");
    > 2051 |   await expect(form).toBeVisible();
           |                      ^
      2052 |   // A draft left open by an earlier flow would be edited instead of a new one
      2053 |   // created, and its row entry would carry the previous item. Starting a fresh
      2054 |   // invoice first makes each flow independent of what ran before it; the row
        at saveInvoiceHeader (P:\Projects\PharmaElectrons\apps\desktop\test\acceptance\milestone-2.acceptance.test.ts:2051:22)
        at P:\Projects\PharmaElectrons\apps\desktop\test\acceptance\milestone-2.acceptance.test.ts:1416:23
        at Take.step (P:\Projects\PharmaElectrons\apps\desktop\test\acceptance\transcript.ts:112:24)
        at P:\Projects\PharmaElectrons\apps\desktop\test\acceptance\milestone-2.acceptance.test.ts:1409:11
        at runRecord (P:\Projects\PharmaElectrons\apps\desktop\test\acceptance\transcript.ts:175:5)
        at P:\Projects\PharmaElectrons\apps\desktop\test\acceptance\milestone-2.acceptance.test.ts:1389:7

    Error Context: ..\..\test-results\desktop-acceptance\milestone-2.acceptance-mil-ed147-details-panel-in-purchasing\error-context.md

    Error Context: ..\..\test-results\desktop-acceptance\milestone-2.acceptance-mil-ed147-details-panel-in-purchasing\error-context.md


[8/16] test\acceptance\milestone-2.acceptance.test.ts:1611:5 › milestone 2 acceptance · en · dark › units scenario — one pack is four strips and a stocktake of 2 packs + 1 strip is 9

(node:16272) Warning: The 'NO_COLOR' env is ignored due to the 'FORCE_COLOR' env being set.
(Use `node.EXE --trace-warnings ...` to show where the warning was created)

[9/16] test\acceptance\milestone-2.acceptance.test.ts:710:5 › milestone 2 acceptance · ar · light › clause 3 — an adjustment records only the difference, and a return is separate
[10/16] test\acceptance\milestone-2.acceptance.test.ts:1162:5 › milestone 2 acceptance · ar · light › adjustment scenario — 4 to 8 posts exactly +4, unchanged lines are silent, invalid Delta blocked
[11/16] test\acceptance\milestone-2.acceptance.test.ts:1388:5 › milestone 2 acceptance · ar · light › scope — the item-details panel in purchasing
  3) test\acceptance\milestone-2.acceptance.test.ts:1388:5 › milestone 2 acceptance · ar · light › scope — the item-details panel in purchasing 

    Error: expect(locator).toBeVisible() failed

    Locator:  locator('#purchase-header-form')
    Expected: visible
    Received: hidden
    Timeout:  10000ms

    Call log:
      - Expect "toBeVisible" with timeout 10000ms
      - waiting for locator('#purchase-header-form')
        23 × locator resolved to <form id="purchase-header-form" class="purchase-header-form">…</form>
           - unexpected value "hidden"


      2049 | ): Promise<"typed" | "value-api"> {
      2050 |   const form = page.locator("#purchase-header-form");
    > 2051 |   await expect(form).toBeVisible();
           |                      ^
      2052 |   // A draft left open by an earlier flow would be edited instead of a new one
      2053 |   // created, and its row entry would carry the previous item. Starting a fresh
      2054 |   // invoice first makes each flow independent of what ran before it; the row
        at saveInvoiceHeader (P:\Projects\PharmaElectrons\apps\desktop\test\acceptance\milestone-2.acceptance.test.ts:2051:22)
        at P:\Projects\PharmaElectrons\apps\desktop\test\acceptance\milestone-2.acceptance.test.ts:1416:23
        at Take.step (P:\Projects\PharmaElectrons\apps\desktop\test\acceptance\transcript.ts:112:24)
        at P:\Projects\PharmaElectrons\apps\desktop\test\acceptance\milestone-2.acceptance.test.ts:1409:11
        at runRecord (P:\Projects\PharmaElectrons\apps\desktop\test\acceptance\transcript.ts:175:5)
        at P:\Projects\PharmaElectrons\apps\desktop\test\acceptance\milestone-2.acceptance.test.ts:1389:7

    Error Context: ..\..\test-results\desktop-acceptance\milestone-2.acceptance-mil-24d82-details-panel-in-purchasing\error-context.md

    Error Context: ..\..\test-results\desktop-acceptance\milestone-2.acceptance-mil-24d82-details-panel-in-purchasing\error-context.md


[12/16] test\acceptance\milestone-2.acceptance.test.ts:1611:5 › milestone 2 acceptance · ar · light › units scenario — one pack is four strips and a stocktake of 2 packs + 1 strip is 9
(node:21376) Warning: The 'NO_COLOR' env is ignored due to the 'FORCE_COLOR' env being set.
(Use `node.EXE --trace-warnings ...` to show where the warning was created)


[13/16] test\acceptance\milestone-2.acceptance.test.ts:710:5 › milestone 2 acceptance · ar · dark › clause 3 — an adjustment records only the difference, and a return is separate
[14/16] test\acceptance\milestone-2.acceptance.test.ts:1162:5 › milestone 2 acceptance · ar · dark › adjustment scenario — 4 to 8 posts exactly +4, unchanged lines are silent, invalid Delta blocked
[15/16] test\acceptance\milestone-2.acceptance.test.ts:1388:5 › milestone 2 acceptance · ar · dark › scope — the item-details panel in purchasing
  4) test\acceptance\milestone-2.acceptance.test.ts:1388:5 › milestone 2 acceptance · ar · dark › scope — the item-details panel in purchasing 

    Error: expect(locator).toBeVisible() failed

    Locator:  locator('#purchase-header-form')
    Expected: visible
    Received: hidden
    Timeout:  10000ms

    Call log:
      - Expect "toBeVisible" with timeout 10000ms
      - waiting for locator('#purchase-header-form')
        23 × locator resolved to <form id="purchase-header-form" class="purchase-header-form">…</form>
           - unexpected value "hidden"


      2049 | ): Promise<"typed" | "value-api"> {
      2050 |   const form = page.locator("#purchase-header-form");
    > 2051 |   await expect(form).toBeVisible();
           |                      ^
      2052 |   // A draft left open by an earlier flow would be edited instead of a new one
      2053 |   // created, and its row entry would carry the previous item. Starting a fresh
      2054 |   // invoice first makes each flow independent of what ran before it; the row
        at saveInvoiceHeader (P:\Projects\PharmaElectrons\apps\desktop\test\acceptance\milestone-2.acceptance.test.ts:2051:22)
        at P:\Projects\PharmaElectrons\apps\desktop\test\acceptance\milestone-2.acceptance.test.ts:1416:23
        at Take.step (P:\Projects\PharmaElectrons\apps\desktop\test\acceptance\transcript.ts:112:24)
        at P:\Projects\PharmaElectrons\apps\desktop\test\acceptance\milestone-2.acceptance.test.ts:1409:11
        at runRecord (P:\Projects\PharmaElectrons\apps\desktop\test\acceptance\transcript.ts:175:5)
        at P:\Projects\PharmaElectrons\apps\desktop\test\acceptance\milestone-2.acceptance.test.ts:1389:7

    Error Context: ..\..\test-results\desktop-acceptance\milestone-2.acceptance-mil-436b9-details-panel-in-purchasing\error-context.md

    Error Context: ..\..\test-results\desktop-acceptance\milestone-2.acceptance-mil-436b9-details-panel-in-purchasing\error-context.md


[16/16] test\acceptance\milestone-2.acceptance.test.ts:1611:5 › milestone 2 acceptance · ar · dark › units scenario — one pack is four strips and a stocktake of 2 packs + 1 strip is 9
  4 failed
    test\acceptance\milestone-2.acceptance.test.ts:1388:5 › milestone 2 acceptance · en · light › scope — the item-details panel in purchasing 
    test\acceptance\milestone-2.acceptance.test.ts:1388:5 › milestone 2 acceptance · en · dark › scope — the item-details panel in purchasing 
    test\acceptance\milestone-2.acceptance.test.ts:1388:5 › milestone 2 acceptance · ar · light › scope — the item-details panel in purchasing 
    test\acceptance\milestone-2.acceptance.test.ts:1388:5 › milestone 2 acceptance · ar · dark › scope — the item-details panel in purchasing 
  4 did not run
  8 passed (2.1m)
undefined
P:\Projects\PharmaElectrons\apps\desktop:
[ERR_PNPM_RECURSIVE_EXEC_FIRST_FAIL] Command failed with exit code 1: playwright test --config playwright.acceptance.config.ts --grep "clause 3|adjustment scenario|scope.*item-details|units scenario"
