$ turbo run test:unit && pnpm test:boundaries && pnpm test:dev-launcher && pnpm test:release-tooling
• turbo 2.10.11

   • Packages in scope: @breev/contracts, @breev/desktop, @breev/local-api
   • Running test:unit in 3 packages
   • Remote caching disabled

@breev/contracts:test:unit: cache miss, executing a3a27c62f31ba9c2
@breev/contracts:build: cache hit, replaying logs c74abdd8ac4b356e
@breev/contracts:build: $ tsc -p tsconfig.build.json
@breev/local-api:test:unit: cache miss, executing df4102b5e8059249
@breev/desktop:test:unit: cache miss, executing 7c5d59690ce60812
@breev/contracts:test:unit: $ vitest run
@breev/desktop:test:unit: $ vitest run --config vitest.config.ts
@breev/local-api:test:unit: $ vitest run --config vitest.unit.config.ts
@breev/contracts:test:unit: 
@breev/contracts:test:unit:  RUN  v4.1.11 P:/Projects/PharmaElectrons/packages/contracts
@breev/contracts:test:unit: 
@breev/desktop:test:unit: 
@breev/desktop:test:unit:  RUN  v4.1.11 P:/Projects/PharmaElectrons/apps/desktop
@breev/desktop:test:unit: 
@breev/local-api:test:unit: 
@breev/local-api:test:unit:  RUN  v4.1.11 P:/Projects/PharmaElectrons/apps/local-api
@breev/local-api:test:unit: 
@breev/desktop:test:unit:  ✓ src/main/pairing-transcript.unit.test.ts (16 tests) 691ms
@breev/contracts:test:unit:  ✓ src/local-rest/inventory.test.ts (8 tests) 125ms
@breev/contracts:test:unit:  ✓ src/desktop-preload/index.test.ts (40 tests) 222ms
@breev/contracts:test:unit:  ✓ src/local-rest/sales.test.ts (6 tests) 269ms
@breev/contracts:test:unit:  ✓ src/local-rest/inventory-reorder.test.ts (4 tests) 239ms
@breev/contracts:test:unit:  ✓ src/local-rest/purchasing.test.ts (37 tests) 329ms
@breev/desktop:test:unit:  ✓ src/main/pairing-trust.unit.test.ts (15 tests) 1373ms
@breev/desktop:test:unit:      ✓ refuses a device certificate offered as the server identity  422ms
@breev/desktop:test:unit:      ✓ refuses a chain outside its validity window  304ms
@breev/contracts:test:unit:  ✓ src/local-rest/registries.test.ts (7 tests) 213ms
@breev/desktop:test:unit:  ✓ src/main/terminal-binding.unit.test.ts (17 tests) 1140ms
@breev/contracts:test:unit:  ✓ src/local-rest/index.test.ts (88 tests) 697ms
@breev/local-api:test:unit:  ✓ src/identity-access/password.unit.test.ts (3 tests) 777ms
@breev/local-api:test:unit:      ✓ stores a salted Argon2id PHC value with the selected OWASP parameters  377ms
@breev/desktop:test:unit:  ✓ src/main/terminal-runtime.unit.test.ts (8 tests) 1062ms
@breev/desktop:test:unit:      ✓ refuses to boot a paired terminal whose key store has gone  463ms
@breev/contracts:test:unit:  ✓ src/local-rest/inventory-count.test.ts (3 tests) 90ms
@breev/contracts:test:unit:  ✓ src/local-rest/product-name.test.ts (23 tests) 23ms
@breev/contracts:test:unit:  ✓ src/local-rest/purchase-item-details.test.ts (3 tests) 159ms
@breev/contracts:test:unit: 
@breev/contracts:test:unit:  Test Files  10 passed (10)
@breev/contracts:test:unit:       Tests  219 passed (219)
@breev/contracts:test:unit:    Start at  17:00:10
@breev/contracts:test:unit:    Duration  12.54s (transform 40.26s, setup 0ms, import 53.34s, tests 2.37s, environment 74ms)
@breev/contracts:test:unit: 
@breev/desktop:test:unit:  ✓ src/main/diagnostics.unit.test.ts (9 tests) 9214ms
@breev/desktop:test:unit:      ✓ bounds the asynchronous queue during a 1,000-event burst  8219ms
@breev/desktop:test:unit:      ✓ continuously caps the fatal breadcrumb sink  302ms
@breev/desktop:test:unit:  ✓ src/renderer/src/home-screen.unit.test.ts (31 tests) 2663ms
@breev/local-api:test:unit:  ✓ src/devices/pairing-csr.unit.test.ts (9 tests) 556ms
@breev/local-api:test:unit:  ✓ src/posting/money.unit.test.ts (187 tests) 428ms
@breev/desktop:test:unit:  ✓ src/main/terminal-bridge.unit.test.ts (21 tests) 568ms
@breev/local-api:test:unit:  ✓ src/catalog/catalog-packaging.unit.test.ts (14 tests) 563ms
@breev/local-api:test:unit:      ✓ keeps the base balance whole for arbitrary counts and ratios  539ms
@breev/local-api:test:unit:  ✓ src/devices/pairing-domain.unit.test.ts (44 tests) 5090ms
@breev/local-api:test:unit:      ✓ allows exactly permitted-minus-one terminals for a licence permitting 10000  980ms
@breev/local-api:test:unit:      ✓ allows exactly permitted-minus-one terminals for a licence permitting 10001  682ms
@breev/local-api:test:unit:      ✓ allows exactly permitted-minus-one terminals for a licence permitting 50000  3146ms
@breev/local-api:test:unit:  ✓ src/pharmacy-ca/cng-addon.unit.test.ts (1 test) 231ms
@breev/desktop:test:unit:  ✓ src/main/pairing-invitation.unit.test.ts (51 tests) 464ms
@breev/desktop:test:unit:      ✓ survives malformed payloads without leaking an exception type  324ms
@breev/desktop:test:unit:  ✓ src/main/exported-file.unit.test.ts (2 tests) 252ms
@breev/local-api:test:unit:  ✓ src/devices/discovery-publisher.unit.test.ts (1 test) 319ms
@breev/local-api:test:unit:      ✓ advertises only the service type, the opaque installation, and the version  315ms
@breev/desktop:test:unit:  ✓ src/renderer/src/purchase-item-details.unit.test.ts (7 tests) 216ms
@breev/local-api:test:unit:  ✓ src/main-device/main-device-binding.unit.test.ts (4 tests) 152ms
@breev/local-api:test:unit:  ✓ src/purchasing/purchase-invoice-offer.unit.test.ts (15 tests) 284ms
@breev/desktop:test:unit:  ✓ src/main/diagnostic-bundle.unit.test.ts (6 tests) 1343ms
@breev/desktop:test:unit:      ✓ writes only the strict bundle shape through an atomic staging file  473ms
@breev/desktop:test:unit:      ✓ rejects unknown fields and canaries without damaging an existing file  480ms
@breev/desktop:test:unit:  ✓ src/renderer/src/inventory-api.unit.test.ts (4 tests) 208ms
@breev/local-api:test:unit:  ✓ src/purchasing/purchase-adjustment-confirmation.unit.test.ts (38 tests) 62ms
@breev/local-api:test:unit:  ✓ src/inventory/inventory-count.unit.test.ts (5 tests) 70ms
@breev/local-api:test:unit:  ✓ src/licensing/offline-licence.unit.test.ts (23 tests) 79ms
@breev/desktop:test:unit:  ✓ src/renderer/src/local-api.unit.test.ts (6 tests) 138ms
@breev/desktop:test:unit:  ✓ src/renderer/src/preferences.unit.test.ts (4 tests) 83ms
@breev/local-api:test:unit:  ✓ src/inventory/business-date.unit.test.ts (5 tests) 101ms
@breev/desktop:test:unit:  ✓ src/renderer/src/purchasing-api.unit.test.ts (12 tests) 182ms
@breev/desktop:test:unit:  ✓ src/renderer/src/role-editor.unit.test.ts (17 tests) 533ms
@breev/local-api:test:unit:  ✓ src/database-connection.unit.test.ts (9 tests) 20ms
@breev/desktop:test:unit:  ✓ src/renderer/src/navbar-collapse-menu.unit.test.ts (8 tests) 243ms
@breev/local-api:test:unit:  ✓ src/main-device/renderer-mutation-parity.unit.test.ts (4 tests) 11ms
@breev/desktop:test:unit:  ✓ src/renderer/src/settings-screen.unit.test.ts (10 tests) 357ms
@breev/desktop:test:unit:  ✓ src/main/terminal-role.unit.test.ts (31 tests) 116ms
@breev/local-api:test:unit:  ✓ src/catalog/catalog-pricing.unit.test.ts (12 tests) 149ms
@breev/desktop:test:unit:  ✓ src/renderer/src/purchase-adjustment-workflow.unit.test.ts (7 tests) 372ms
@breev/desktop:test:unit:  ✓ src/renderer/src/module-navigation.unit.test.ts (5 tests) 99ms
@breev/desktop:test:unit:  ✓ electron-builder.config.unit.test.ts (4 tests) 1045ms
@breev/desktop:test:unit:      ✓ records post-sign runtime hashes without losing pinned provenance  1033ms
@breev/local-api:test:unit:  ✓ src/purchasing/purchasing-domain.unit.test.ts (3 tests) 12ms
@breev/local-api:test:unit:  ✓ src/posting/command-retry.unit.test.ts (19 tests) 24ms
@breev/local-api:test:unit:  ✓ windows/postgresql-runtime.unit.test.mjs (2 tests) 1748ms
@breev/local-api:test:unit:      ✓ copies only reviewed files and refuses missing inputs before output  1697ms
@breev/desktop:test:unit:  ✓ src/renderer/src/error-boundary.unit.test.ts (6 tests) 150ms
@breev/desktop:test:unit:  ✓ src/renderer/src/purchasing-messages.unit.test.ts (4 tests) 274ms
@breev/desktop:test:unit:  ✓ src/main/security.unit.test.ts (52 tests) 228ms
@breev/local-api:test:unit:  ✓ src/inventory/inventory-fefo.unit.test.ts (4 tests) 48ms
@breev/desktop:test:unit:  ✓ src/preload/api.unit.test.ts (27 tests) 161ms
@breev/desktop:test:unit:  ✓ src/renderer/src/status-icon.unit.test.ts (16 tests) 142ms
@breev/local-api:test:unit:  ❯ src/pharmacy-ca/pharmacy-ca-crypto.unit.test.ts (12 tests | 12 skipped) 13660ms
@breev/local-api:test:unit:      ↓ builds a valid X.509 v3 self-signed CA certificate with installation identity
@breev/local-api:test:unit:      ↓ builds a server certificate with breev-server role and validates against CA
@breev/local-api:test:unit:      ↓ binds pharmacy, device, type, licence, and serial into the subject names
@breev/local-api:test:unit:      ↓ builds a device certificate with breev-device role and validates against CA
@breev/local-api:test:unit:      ↓ assigns a unique positive serial to every certificate
@breev/local-api:test:unit:      ↓ encodes repeated positive 128-bit serials canonically
@breev/local-api:test:unit:      ↓ rejects expired certificates with cert-expired
@breev/local-api:test:unit:      ↓ rejects role mismatches (server cert as device)
@breev/local-api:test:unit:      ↓ rejects installation identity mismatch
@breev/local-api:test:unit:      ↓ rejects certificates signed by a foreign CA
@breev/local-api:test:unit:      ↓ completes a full mutual TLS 1.3 handshake with client certificate authentication
@breev/local-api:test:unit:        ↓ proves the CA key export fails
@breev/local-api:test:unit:  ✓ src/posting/lock-order.unit.test.ts (52 tests) 37ms
@breev/desktop:test:unit:  ✓ src/renderer/src/panel-unit-label.unit.test.ts (6 tests) 14ms
@breev/desktop:test:unit:  ✓ src/renderer/src/purchasing-item-details.unit.test.ts (6 tests) 293ms
@breev/local-api:test:unit:  ✓ src/accounting/purchase-posting-template.unit.test.ts (14 tests) 34ms
@breev/local-api:test:unit:  ✓ src/devices/pairing-endpoint.unit.test.ts (15 tests) 36ms
@breev/local-api:test:unit:  ✓ src/identity-access/authorization.unit.test.ts (11 tests) 63ms
@breev/desktop:test:unit:  ✓ renderer-data-boundaries.unit.test.ts (7 tests) 49ms
@breev/desktop:test:unit:  ✓ src/renderer/src/suppliers-workspace.unit.test.ts (2 tests) 161ms
@breev/desktop:test:unit:  ✓ src/renderer/src/purchase-return-workflow.unit.test.ts (2 tests) 34ms
@breev/local-api:test:unit: [Nest] 24512  - 10/01/2026, 5:00:40 PM     LOG [RestoreQuarantineService] Restore Quarantine verified and cleared
@breev/local-api:test:unit: [Nest] 24512  - 10/01/2026, 5:00:40 PM   ERROR [RestoreQuarantineService] Restore Quarantine verification failed: licence_time_verification: Clock rollback detected: the newest restored record (2026-10-02T14:00:40.330Z) is ahead of the current time (2026-10-01T14:00:40.330Z)
@breev/local-api:test:unit: [Nest] 24512  - 10/01/2026, 5:00:40 PM   ERROR [RestoreQuarantineService] Restore Quarantine verification failed: main_device_security_verification: relation does not exist; device_identity_verification: relation does not exist; licence_time_verification: relation does not exist
@breev/local-api:test:unit:  ✓ src/recovery/recovery.unit.test.ts (23 tests) 354ms
@breev/local-api:test:unit:  ✓ src/database-migrations.unit.test.ts (1 test) 21ms
@breev/local-api:test:unit:  ✓ src/posting/canonical-hash.unit.test.ts (20 tests) 154ms
@breev/local-api:test:unit:  ✓ src/inventory/inventory-reorder.unit.test.ts (7 tests) 23ms
@breev/local-api:test:unit:  ✓ src/purchasing/purchase-adjustment-delta.unit.test.ts (14 tests) 25ms
@breev/desktop:test:unit:  ✓ src/main/terminal-discovery.unit.test.ts (13 tests) 28ms
@breev/desktop:test:unit:  ✓ src/renderer/src/user-management-panel.unit.test.ts (2 tests) 89ms
@breev/local-api:test:unit:  ✓ src/inventory/inventory-receipt-rules.unit.test.ts (11 tests) 16ms
@breev/desktop:test:unit:  ✓ src/renderer/src/product-form.unit.test.ts (28 tests) 103ms
@breev/local-api:test:unit:  ✓ src/purchasing/purchase-costs.unit.test.ts (10 tests) 21ms
@breev/local-api:test:unit:  ✓ src/inventory/inventory-valuation.unit.test.ts (12 tests) 66ms
@breev/desktop:test:unit:  ✓ src/renderer/src/permission-catalogue.unit.test.ts (5 tests) 23ms
@breev/local-api:test:unit:  ✓ src/posting/outbox.unit.test.ts (12 tests) 17ms
@breev/desktop:test:unit:  ✓ src/renderer/src/navigation.unit.test.ts (19 tests) 67ms
@breev/local-api:test:unit:  ✓ src/licensing/dev-licence-generator.unit.test.ts (1 test) 17ms
@breev/desktop:test:unit:  ✓ src/main/diagnostic-redaction.unit.test.ts (13 tests) 78ms
@breev/desktop:test:unit:  ✓ src/renderer/src/inventory-preferences-save.unit.test.ts (4 tests) 22ms
@breev/desktop:test:unit:  ✓ src/renderer/src/components/ui/tabs.unit.test.ts (2 tests) 57ms
@breev/desktop:test:unit:  ✓ src/main/central-diagnostics.unit.test.ts (4 tests) 21ms
@breev/desktop:test:unit:  ✓ src/main/pairing-client.unit.test.ts (41 tests) 24ms
@breev/desktop:test:unit:  ✓ src/renderer/src/pairing-format.unit.test.ts (7 tests) 34ms
@breev/desktop:test:unit:  ✓ src/renderer/src/terminal-pairing.unit.test.ts (14 tests) 19ms
@breev/local-api:test:unit:  ✓ windows/lifecycle.unit.test.ts (9 tests) 15ms
@breev/local-api:test:unit:  ✓ src/purchasing/purchase-price-capture.unit.test.ts (8 tests) 17ms
@breev/desktop:test:unit:  ✓ windows/installer.unit.test.ts (11 tests) 15ms
@breev/desktop:test:unit:  ✓ src/renderer/src/catalog-messages.unit.test.ts (10 tests) 22ms
@breev/local-api:test:unit:  ✓ src/purchasing/purchase-row.unit.test.ts (7 tests) 16ms
@breev/desktop:test:unit:  ✓ src/renderer/src/inventory-messages.unit.test.ts (2 tests) 19ms
@breev/local-api:test:unit:  ✓ src/inventory/inventory-item-view.unit.test.ts (1 test) 15ms
@breev/desktop:test:unit:  ✓ src/renderer/src/inventory-item-panel.unit.test.ts (4 tests) 12ms
@breev/desktop:test:unit:  ✓ src/renderer/src/devices-messages.unit.test.ts (7 tests) 100ms
@breev/desktop:test:unit:  ✓ src/renderer/src/sales-messages.unit.test.ts (2 tests) 15ms
@breev/local-api:test:unit:  ✓ src/inventory/inventory-risk.unit.test.ts (4 tests) 12ms
@breev/local-api:test:unit:  ❯ windows/payload-inventory.unit.test.mjs (3 tests | 1 failed) 33928ms
@breev/local-api:test:unit:      ✓ covers scripts, SQL and DLLs; allows only signing changes during packaging  1222ms
@breev/local-api:test:unit:      ✓ rejects missing/extra files and malformed path inventories  2570ms
@breev/local-api:test:unit:      × runs the actual PowerShell verifier without service or data mutations 30130ms
@breev/desktop:test:unit:  ✓ src/renderer/src/count-entry.unit.test.ts (4 tests) 77ms
@breev/local-api:test:unit:  ✓ src/inventory/inventory-review.unit.test.ts (7 tests) 15ms
@breev/local-api:test:unit:  ✓ src/inventory/inventory-eligibility.unit.test.ts (3 tests) 12ms
@breev/local-api:test:unit:  ✓ src/pharmacy-ca/terminal-socket-registry.unit.test.ts (5 tests) 10ms
@breev/local-api:test:unit:  ✓ src/accounting/purchase-adjustment-posting-template.unit.test.ts (3 tests) 12ms
@breev/local-api:test:unit:  ✓ src/catalog/catalog-search.unit.test.ts (9 tests) 34ms
@breev/local-api:test:unit:  ✓ src/reporting/inventory-review.service.unit.test.ts (4 tests) 22ms
@breev/desktop:test:unit:  ✓ src/renderer/src/basket-messages.unit.test.ts (2 tests) 15ms
@breev/desktop:test:unit:  ✓ src/main/inventory-export-csv.unit.test.ts (2 tests) 11ms
@breev/desktop:test:unit:  ✓ src/renderer/src/purchasing-draft-filter.unit.test.ts (5 tests) 11ms
@breev/local-api:test:unit:  ✓ src/licensing/entitlement.unit.test.ts (4 tests) 11ms
@breev/desktop:test:unit:  ✓ src/renderer/src/licence-dates.unit.test.ts (3 tests) 72ms
@breev/desktop:test:unit:  ✓ src/renderer/src/purchase-invoice-offer-money.unit.test.ts (12 tests) 11ms
@breev/local-api:test:unit:  ✓ src/accounting/count-variance-posting-template.unit.test.ts (3 tests) 10ms
@breev/desktop:test:unit:  ✓ src/main/support.unit.test.ts (3 tests) 11ms
@breev/local-api:test:unit:  ✓ src/licensing/trusted-time.unit.test.ts (4 tests) 10ms
@breev/local-api:test:unit:  ✓ src/purchasing/purchase-return.unit.test.ts (3 tests) 8ms
@breev/desktop:test:unit:  ✓ src/renderer/src/purchase-row-entry.unit.test.ts (15 tests) 25ms
@breev/desktop:test:unit:  ✓ purchase-adjustment-actions.unit.test.ts (1 test) 11ms
@breev/desktop:test:unit:  ✓ src/renderer/src/purchase-result-navigation.unit.test.ts (2 tests) 9ms
@breev/desktop:test:unit:  ✓ src/renderer/src/basket-quantity.unit.test.ts (3 tests) 10ms
@breev/local-api:test:unit:  ✓ src/accounting/purchase-return-posting-template.unit.test.ts (1 test) 24ms
@breev/local-api:test:unit:  ✓ src/inventory/inventory-purchase-panel.unit.test.ts (2 tests) 10ms
@breev/desktop:test:unit:  ✓ src/renderer/src/startup-state.unit.test.ts (7 tests) 12ms
@breev/desktop:test:unit:  ✓ src/renderer/src/feature-surfaces.unit.test.ts (4 tests) 11ms
@breev/desktop:test:unit:  ✓ src/renderer/src/purchase-adjustment-money.unit.test.ts (5 tests) 9ms
@breev/local-api:test:unit:  ✓ src/purchasing/posted-purchase-review.unit.test.ts (1 test) 10ms
@breev/local-api:test:unit: 
@breev/local-api:test:unit: ⎯⎯⎯⎯⎯⎯ Failed Suites 1 ⎯⎯⎯⎯⎯⎯⎯
@breev/local-api:test:unit: 
@breev/local-api:test:unit:  FAIL  src/pharmacy-ca/pharmacy-ca-crypto.unit.test.ts > Pharmacy CA Cryptography and Validation Seam
@breev/local-api:test:unit: Error: Command failed: powershell -NoProfile -NonInteractive -Command 
@breev/local-api:test:unit:     $ErrorActionPreference = 'Stop'
@breev/local-api:test:unit:     $params = New-Object System.Security.Cryptography.CngKeyCreationParameters
@breev/local-api:test:unit:     $params.ExportPolicy = [System.Security.Cryptography.CngExportPolicies]::None
@breev/local-api:test:unit:     $params.KeyCreationOptions = [System.Security.Cryptography.CngKeyCreationOptions]::MachineKey
@breev/local-api:test:unit:     $params.Provider = [System.Security.Cryptography.CngProvider]::new('Microsoft Software Key Storage Provider')
@breev/local-api:test:unit:     $prop = New-Object System.Security.Cryptography.CngProperty('Length', [BitConverter]::GetBytes([int]2048), [System.Security.Cryptography.CngPropertyOptions]::None)
@breev/local-api:test:unit:     $params.Parameters.Add($prop)
@breev/local-api:test:unit:     $sid = [System.Security.Principal.WindowsIdentity]::GetCurrent().User.Value
@breev/local-api:test:unit:     $descriptor = New-Object System.Security.AccessControl.RawSecurityDescriptor("D:P(A;;GA;;;" + $sid + ")")
@breev/local-api:test:unit:     $descriptorBytes = New-Object byte[] $descriptor.BinaryLength
@breev/local-api:test:unit:     $descriptor.GetBinaryForm($descriptorBytes, 0)
@breev/local-api:test:unit:     $securityProperty = New-Object System.Security.Cryptography.CngProperty('Security Descr', $descriptorBytes, [System.Security.Cryptography.CngPropertyOptions]4)
@breev/local-api:test:unit:     $params.Parameters.Add($securityProperty)
@breev/local-api:test:unit:     $key = [System.Security.Cryptography.CngKey]::Create([System.Security.Cryptography.CngAlgorithm]::Rsa, 'test-ca-01a0f7c4-2d20-7c82-8fc3-c9f6a723c132', $params)
@breev/local-api:test:unit:     $rsa = New-Object System.Security.Cryptography.RSACng($key)
@breev/local-api:test:unit:     $p = $rsa.ExportParameters($false)
@breev/local-api:test:unit:     $mod = [Convert]::ToBase64String($p.Modulus)
@breev/local-api:test:unit:     $exp = [Convert]::ToBase64String($p.Exponent)
@breev/local-api:test:unit:     $rsa.Dispose()
@breev/local-api:test:unit:     $key.Dispose()
@breev/local-api:test:unit:     Write-Output "$mod`n$exp`n$sid"
@breev/local-api:test:unit:   
@breev/local-api:test:unit: Exception calling "Create" with "3" argument(s): "Access denied.
@breev/local-api:test:unit: "
@breev/local-api:test:unit: At line:15 char:5
@breev/local-api:test:unit: +     $key = [System.Security.Cryptography.CngKey]::Create([System.Secu ...
@breev/local-api:test:unit: +     ~~~~~~~~~~~~~~~~~~~~~~~~~~~~~~~~~~~~~~~~~~~~~~~~~~~~~~~~~~~~~~~~~
@breev/local-api:test:unit:     + CategoryInfo          : NotSpecified: (:) [], ParentContainsErrorRecordException
@breev/local-api:test:unit:     + FullyQualifiedErrorId : CryptographicException
@breev/local-api:test:unit:  
@breev/local-api:test:unit: 
@breev/local-api:test:unit: ⎯⎯⎯⎯⎯⎯⎯⎯⎯⎯⎯⎯⎯⎯⎯⎯⎯⎯⎯⎯⎯⎯⎯⎯[1/2]⎯
@breev/local-api:test:unit: 
@breev/local-api:test:unit: 
@breev/local-api:test:unit: ⎯⎯⎯⎯⎯⎯⎯ Failed Tests 1 ⎯⎯⎯⎯⎯⎯⎯
@breev/local-api:test:unit: 
@breev/local-api:test:unit:  FAIL  windows/payload-inventory.unit.test.mjs > complete Windows payload inventory > runs the actual PowerShell verifier without service or data mutations
@breev/local-api:test:unit: Error: Test timed out in 30000ms.
@breev/local-api:test:unit: If this is a long-running test, pass a timeout value as the last argument or configure it globally with "testTimeout".
@breev/local-api:test:unit:  ❯ windows/payload-inventory.unit.test.mjs:66:42
@breev/local-api:test:unit:      64|     });
@breev/local-api:test:unit:      65|   });
@breev/local-api:test:unit:      66|   it.skipIf(process.platform !== "win32")(
@breev/local-api:test:unit:        |                                          ^
@breev/local-api:test:unit:      67|     "runs the actual PowerShell verifier without service or data mutat…
@breev/local-api:test:unit:      68|     async () => {
@breev/local-api:test:unit: 
@breev/local-api:test:unit: ⎯⎯⎯⎯⎯⎯⎯⎯⎯⎯⎯⎯⎯⎯⎯⎯⎯⎯⎯⎯⎯⎯⎯⎯[2/2]⎯
@breev/local-api:test:unit: 
@breev/local-api:test:unit: 
@breev/local-api:test:unit:  Test Files  2 failed | 52 passed (54)
@breev/local-api:test:unit:       Tests  1 failed | 685 passed | 12 skipped (698)
@breev/local-api:test:unit:    Start at  17:00:14
@breev/local-api:test:unit:    Duration  41.45s (transform 77.65s, setup 0ms, import 109.72s, tests 59.46s, environment 20ms)
@breev/local-api:test:unit: 
@breev/local-api:test:unit: [ELIFECYCLE] Command failed with exit code 1.
@breev/local-api#test:unit:  ERROR  command (P:\Projects\PharmaElectrons\apps\local-api) C:\Users\moata\AppData\Roaming\npm\pnpm.cmd run test:unit exited (1)

 Tasks:    2 successful, 4 total
Cached:    1 cached, 4 total
  Time:    52.263s 
Failed:    @breev/local-api#test:unit

 ERROR  run failed: command  exited (1)
[ELIFECYCLE] Command failed with exit code 1.
